Archive member included to satisfy reference by file (symbol)

app/libapp.a(main.c.obj)      (--whole-archive)
zephyr/libzephyr.a(heap.c.obj)
                              (--whole-archive)
zephyr/libzephyr.a(cbprintf_packaged.c.obj)
                              (--whole-archive)
zephyr/libzephyr.a(printk.c.obj)
                              (--whole-archive)
zephyr/libzephyr.a(sem.c.obj)
                              (--whole-archive)
zephyr/libzephyr.a(thread_entry.c.obj)
                              (--whole-archive)
zephyr/libzephyr.a(cbprintf_complete.c.obj)
                              (--whole-archive)
zephyr/libzephyr.a(assert.c.obj)
                              (--whole-archive)
zephyr/libzephyr.a(dec.c.obj)
                              (--whole-archive)
zephyr/libzephyr.a(hex.c.obj)
                              (--whole-archive)
zephyr/libzephyr.a(rb.c.obj)  (--whole-archive)
zephyr/libzephyr.a(timeutil.c.obj)
                              (--whole-archive)
zephyr/libzephyr.a(bitarray.c.obj)
                              (--whole-archive)
zephyr/libzephyr.a(configs.c.obj)
                              (--whole-archive)
zephyr/libzephyr.a(tracing_none.c.obj)
                              (--whole-archive)
zephyr/arch/arch/x86/core/libarch__x86__core.a(cpuhalt.c.obj)
                              (--whole-archive)
zephyr/arch/arch/x86/core/libarch__x86__core.a(prep_c.c.obj)
                              (--whole-archive)
zephyr/arch/arch/x86/core/libarch__x86__core.a(fatal.c.obj)
                              (--whole-archive)
zephyr/arch/arch/x86/core/libarch__x86__core.a(cpuid.c.obj)
                              (--whole-archive)
zephyr/arch/arch/x86/core/libarch__x86__core.a(spec_ctrl.c.obj)
                              (--whole-archive)
zephyr/arch/arch/x86/core/libarch__x86__core.a(memmap.c.obj)
                              (--whole-archive)
zephyr/arch/arch/x86/core/libarch__x86__core.a(multiboot.c.obj)
                              (--whole-archive)
zephyr/arch/arch/x86/core/libarch__x86__core.a(x86_mmu.c.obj)
                              (--whole-archive)
zephyr/arch/arch/x86/core/libarch__x86__core.a(early_serial.c.obj)
                              (--whole-archive)
zephyr/arch/arch/x86/core/libarch__x86__core.a(tls.c.obj)
                              (--whole-archive)
zephyr/arch/arch/x86/core/libarch__x86__core.a(crt0.S.obj)
                              (--whole-archive)
zephyr/arch/arch/x86/core/libarch__x86__core.a(excstub.S.obj)
                              (--whole-archive)
zephyr/arch/arch/x86/core/libarch__x86__core.a(intstub.S.obj)
                              (--whole-archive)
zephyr/arch/arch/x86/core/libarch__x86__core.a(irq_manage.c.obj)
                              (--whole-archive)
zephyr/arch/arch/x86/core/libarch__x86__core.a(swap.S.obj)
                              (--whole-archive)
zephyr/arch/arch/x86/core/libarch__x86__core.a(thread.c.obj)
                              (--whole-archive)
zephyr/arch/arch/x86/core/libarch__x86__core.a(tls.c.obj)
                              (--whole-archive)
zephyr/arch/arch/x86/core/libarch__x86__core.a(fatal.c.obj)
                              (--whole-archive)
zephyr/arch/arch/x86/core/libarch__x86__core.a(soft_float_stubs.c.obj)
                              (--whole-archive)
zephyr/lib/libc/picolibc/liblib__libc__picolibc.a(libc-hooks.c.obj)
                              (--whole-archive)
zephyr/lib/libc/common/liblib__libc__common.a(abort.c.obj)
                              (--whole-archive)
zephyr/lib/libc/common/liblib__libc__common.a(malloc.c.obj)
                              (--whole-archive)
zephyr/subsys/random/libsubsys__random.a(random_timer.c.obj)
                              (--whole-archive)
zephyr/drivers/interrupt_controller/libdrivers__interrupt_controller.a(intc_ioapic.c.obj)
                              (--whole-archive)
zephyr/drivers/interrupt_controller/libdrivers__interrupt_controller.a(intc_loapic.c.obj)
                              (--whole-archive)
zephyr/drivers/interrupt_controller/libdrivers__interrupt_controller.a(intc_system_apic.c.obj)
                              (--whole-archive)
zephyr/drivers/console/libdrivers__console.a(uart_console.c.obj)
                              (--whole-archive)
zephyr/drivers/serial/libdrivers__serial.a(uart_ns16550.c.obj)
                              (--whole-archive)
zephyr/drivers/timer/libdrivers__timer.a(sys_clock_init.c.obj)
                              (--whole-archive)
zephyr/drivers/timer/libdrivers__timer.a(hpet.c.obj)
                              (--whole-archive)
zephyr/kernel/libkernel.a(device.c.obj)
                              zephyr/drivers/console/libdrivers__console.a(uart_console.c.obj) (z_impl_device_is_ready)
zephyr/kernel/libkernel.a(errno.c.obj)
                              zephyr/arch/arch/x86/core/libarch__x86__core.a(swap.S.obj) (_k_neg_eagain)
zephyr/kernel/libkernel.a(fatal.c.obj)
[...]
Memory Configuration

Name             Origin             Length             Attributes
RAM              0x0000000000100000 0x0000000001f00000 xw
IDT_LIST         0x00000000ffff1000 0x0000000000000800
*default*        0x0000000000000000 0xffffffffffffffff

Linker script and memory map

                0x000000000010356d                vfprintf = __l_vfprintf
                0x0000000000000000                vfscanf = __l_vfscanf
LOAD zephyr/CMakeFiles/zephyr_pre0.dir/misc/empty_file.c.obj
LOAD zephyr/CMakeFiles/offsets.dir/./arch/x86/core/offsets/offsets.c.obj
LOAD app/libapp.a
LOAD zephyr/libzephyr.a
LOAD zephyr/arch/arch/x86/core/libarch__x86__core.a
LOAD zephyr/lib/libc/picolibc/liblib__libc__picolibc.a
LOAD zephyr/lib/libc/common/liblib__libc__common.a
LOAD zephyr/subsys/random/libsubsys__random.a
LOAD zephyr/drivers/interrupt_controller/libdrivers__interrupt_controller.a
LOAD zephyr/drivers/console/libdrivers__console.a
LOAD zephyr/drivers/serial/libdrivers__serial.a
LOAD zephyr/drivers/timer/libdrivers__timer.a
LOAD zephyr/kernel/libkernel.a
LOAD c:/users/steve/desktop/zephyr-sdk-0.16.8/x86_64-zephyr-elf/bin/../lib/gcc/x86_64-zephyr-elf/12.2.0/32/soft-float\libgcc.a
LOAD c:\users\steve\desktop\zephyr-sdk-0.16.8\x86_64-zephyr-elf\bin\../lib/gcc/../../picolibc/x86_64-zephyr-elf/lib/32/soft-float\libc.a
LOAD c:/users/steve/desktop/zephyr-sdk-0.16.8/x86_64-zephyr-elf/bin/../lib/gcc/x86_64-zephyr-elf/12.2.0/32/soft-float\libgcc.a
                0x0000000000100000                epoint = (__start - 0x0)

.rel.plt        0x0000000000000000        0x0
 *(SORT_BY_ALIGNMENT(.rel.plt))
                [!provide]                        PROVIDE (__rel_iplt_start = .)
 *(SORT_BY_ALIGNMENT(.rel.iplt))
 .rel.iplt      0x0000000000000000        0x0 zephyr/CMakeFiles/zephyr_pre0.dir/misc/empty_file.c.obj
                [!provide]                        PROVIDE (__rel_iplt_end = .)

.rela.plt       0x0000000000000000        0x0
 *(SORT_BY_ALIGNMENT(.rela.plt))
                [!provide]                        PROVIDE (__rela_iplt_start = .)
 *(SORT_BY_ALIGNMENT(.rela.iplt))
                [!provide]                        PROVIDE (__rela_iplt_end = .)

.rel.dyn        0x0000000000000000        0x0
 *(SORT_BY_ALIGNMENT(.rel.*))
 .rel.got       0x0000000000000000        0x0 zephyr/CMakeFiles/zephyr_pre0.dir/misc/empty_file.c.obj
 .rel.text.vprintk
                0x0000000000000000        0x0 zephyr/CMakeFiles/zephyr_pre0.dir/misc/empty_file.c.obj
 .rel.text.z_multiboot_init
                0x0000000000000000        0x0 zephyr/CMakeFiles/zephyr_pre0.dir/misc/empty_file.c.obj
 .rel.text.range_map_unlocked.isra.0
                0x0000000000000000        0x0 zephyr/CMakeFiles/zephyr_pre0.dir/misc/empty_file.c.obj
 .rel.text.arch_reserved_pages_update
                0x0000000000000000        0x0 zephyr/CMakeFiles/zephyr_pre0.dir/misc/empty_file.c.obj
 .rel.text.arch_tls_stack_setup
                0x0000000000000000        0x0 zephyr/CMakeFiles/zephyr_pre0.dir/misc/empty_file.c.obj
 .rel.text.__start
                0x0000000000000000        0x0 zephyr/CMakeFiles/zephyr_pre0.dir/misc/empty_file.c.obj
 .rel.text.z_x86_tls_update_gdt
                0x0000000000000000        0x0 zephyr/CMakeFiles/zephyr_pre0.dir/misc/empty_file.c.obj
 .rel.text.z_x86_early_tls_update_gdt
                0x0000000000000000        0x0 zephyr/CMakeFiles/zephyr_pre0.dir/misc/empty_file.c.obj
 .rel.text.sys_clock_driver_init
                0x0000000000000000        0x0 zephyr/CMakeFiles/zephyr_pre0.dir/misc/empty_file.c.obj
 .rel.text.z_fatal_error
                0x0000000000000000        0x0 zephyr/CMakeFiles/zephyr_pre0.dir/misc/empty_file.c.obj
 .rel.text.bg_thread_main
                0x0000000000000000        0x0 zephyr/CMakeFiles/zephyr_pre0.dir/misc/empty_file.c.obj
 .rel.text.z_bss_zero
                0x0000000000000000        0x0 zephyr/CMakeFiles/zephyr_pre0.dir/misc/empty_file.c.obj
 .rel.rodata.levels.0
                0x0000000000000000        0x0 zephyr/CMakeFiles/zephyr_pre0.dir/misc/empty_file.c.obj
 .rel.text.virt_region_free
                0x0000000000000000        0x0 zephyr/CMakeFiles/zephyr_pre0.dir/misc/empty_file.c.obj
 .rel.text.virt_region_alloc
                0x0000000000000000        0x0 zephyr/CMakeFiles/zephyr_pre0.dir/misc/empty_file.c.obj
 .rel.text.k_mem_map_phys_bare
                0x0000000000000000        0x0 zephyr/CMakeFiles/zephyr_pre0.dir/misc/empty_file.c.obj
 .rel.text.z_mem_manage_init
                0x0000000000000000        0x0 zephyr/CMakeFiles/zephyr_pre0.dir/misc/empty_file.c.obj
 .rel.text.printf
                0x0000000000000000        0x0 zephyr/CMakeFiles/zephyr_pre0.dir/misc/empty_file.c.obj
 .rel.text.snprintf
                0x0000000000000000        0x0 zephyr/CMakeFiles/zephyr_pre0.dir/misc/empty_file.c.obj

.rela.dyn
 *(SORT_BY_ALIGNMENT(.rela.*))

/DISCARD/
 *(SORT_BY_ALIGNMENT(.plt))

/DISCARD/
 *(SORT_BY_ALIGNMENT(.iplt))
                0x0000000000000000                . = ALIGN (0x8)

text            0x0000000000100000     0x4000
                0x0000000000100000                __text_region_start = .
                0x0000000000100000                z_mapped_start = .
                0x0000000000100000                __rom_start_address = .
 FILL mask 0x00
                0x0000000000100000                . = (. + (0x0 - (. - __rom_start_address)))
                0x0000000000100000                . = ALIGN (0x4)
 *(SORT_BY_ALIGNMENT(.text.__start))
 .text.__start  0x0000000000100000       0xc8 zephyr/arch/arch/x86/core/libarch__x86__core.a(crt0.S.obj)
                0x0000000000100000                __start
                0x00000000001000c2                z_x86_idt
 *(SORT_BY_ALIGNMENT(.text.irqstubs))
 .text.irqstubs
                0x00000000001000c8        0xc zephyr/drivers/timer/libdrivers__timer.a(hpet.c.obj)
                0x00000000001000c8                hpet_isr_irq2_stub
 *(SORT_BY_ALIGNMENT(.gnu.linkonce.t.exc_*_stub))
 .gnu.linkonce.t.exc_0_stub
                0x00000000001000d4        0xc zephyr/arch/arch/x86/core/libarch__x86__core.a(fatal.c.obj)
                0x00000000001000d4                _handle_exc_0_vector_0_stub
 .gnu.linkonce.t.exc_2_stub
                0x00000000001000e0        0xc zephyr/arch/arch/x86/core/libarch__x86__core.a(fatal.c.obj)
                0x00000000001000e0                _handle_exc_2_vector_2_stub
 .gnu.linkonce.t.exc_4_stub
                0x00000000001000ec        0xc zephyr/arch/arch/x86/core/libarch__x86__core.a(fatal.c.obj)
                0x00000000001000ec                _handle_exc_4_vector_4_stub
 .gnu.linkonce.t.exc_5_stub
                0x00000000001000f8        0xc zephyr/arch/arch/x86/core/libarch__x86__core.a(fatal.c.obj)
                0x00000000001000f8                _handle_exc_5_vector_5_stub
 .gnu.linkonce.t.exc_6_stub
                0x0000000000100104        0xc zephyr/arch/arch/x86/core/libarch__x86__core.a(fatal.c.obj)
                0x0000000000100104                _handle_exc_6_vector_6_stub
 .gnu.linkonce.t.exc_7_stub
                0x0000000000100110        0xc zephyr/arch/arch/x86/core/libarch__x86__core.a(fatal.c.obj)
                0x0000000000100110                _handle_exc_7_vector_7_stub
 .gnu.linkonce.t.exc_8_stub
                0x000000000010011c        0xc zephyr/arch/arch/x86/core/libarch__x86__core.a(fatal.c.obj)
                0x000000000010011c                _handle_exc_8_vector_8_stub
 .gnu.linkonce.t.exc_10_stub
                0x0000000000100128        0xa zephyr/arch/arch/x86/core/libarch__x86__core.a(fatal.c.obj)
                0x0000000000100128                _handle_exc_10_vector_10_stub
 .gnu.linkonce.t.exc_11_stub
                0x0000000000100132        0xa zephyr/arch/arch/x86/core/libarch__x86__core.a(fatal.c.obj)
                0x0000000000100132                _handle_exc_11_vector_11_stub
 .gnu.linkonce.t.exc_12_stub
                0x000000000010013c        0xa zephyr/arch/arch/x86/core/libarch__x86__core.a(fatal.c.obj)
                0x000000000010013c                _handle_exc_12_vector_12_stub
 .gnu.linkonce.t.exc_13_stub
                0x0000000000100146        0xa zephyr/arch/arch/x86/core/libarch__x86__core.a(fatal.c.obj)
                0x0000000000100146                _handle_exc_13_vector_13_stub
 .gnu.linkonce.t.exc_16_stub
                0x0000000000100150        0xc zephyr/arch/arch/x86/core/libarch__x86__core.a(fatal.c.obj)
                0x0000000000100150                _handle_exc_16_vector_16_stub
 .gnu.linkonce.t.exc_17_stub
                0x000000000010015c        0xa zephyr/arch/arch/x86/core/libarch__x86__core.a(fatal.c.obj)
                0x000000000010015c                _handle_exc_17_vector_17_stub
 .gnu.linkonce.t.exc_18_stub
                0x0000000000100166        0xc zephyr/arch/arch/x86/core/libarch__x86__core.a(fatal.c.obj)
                0x0000000000100166                _handle_exc_18_vector_18_stub
 .gnu.linkonce.t.exc_14_stub
                0x0000000000100172        0xa zephyr/arch/arch/x86/core/libarch__x86__core.a(fatal.c.obj)
                0x0000000000100172                _z_x86_page_fault_handler_vector_14_stub
 *(SORT_BY_ALIGNMENT(.text))
 .text          0x000000000010017c       0xf2 c:/users/steve/desktop/zephyr-sdk-0.16.8/x86_64-zephyr-elf/bin/../lib/gcc/x86_64-zephyr-elf/12.2.0/32/soft-float\libgcc.a(_udivdi3.o)
                0x000000000010017c                __udivdi3
 *(SORT_BY_ALIGNMENT(.text.*))
 .text._OffsetAbsSyms
                0x000000000010026e        0x1 zephyr/CMakeFiles/offsets.dir/./arch/x86/core/offsets/offsets.c.obj
                0x000000000010026e                _OffsetAbsSyms
 .text.main     0x000000000010026f       0x18 app/libapp.a(main.c.obj)
                0x000000000010026f                main
 .text.chunk_field
                0x0000000000100287       0x15 zephyr/libzephyr.a(heap.c.obj)
 .text.chunk_set
                0x000000000010029c       0x1f zephyr/libzephyr.a(heap.c.obj)
 .text.chunk_size
                0x00000000001002bb       0x11 zephyr/libzephyr.a(heap.c.obj)
 .text.set_chunk_used
                0x00000000001002cc       0x3d zephyr/libzephyr.a(heap.c.obj)
 .text.set_chunk_size
                0x0000000000100309       0x13 zephyr/libzephyr.a(heap.c.obj)
 .text.bucket_idx.isra.0
                0x000000000010031c       0x19 zephyr/libzephyr.a(heap.c.obj)
 .text.free_list_add
                0x0000000000100335       0xae zephyr/libzephyr.a(heap.c.obj)
 .text.sys_heap_init
                0x00000000001003e3       0xd9 zephyr/libzephyr.a(heap.c.obj)
                0x00000000001003e3                sys_heap_init
 .text.char_out
                0x00000000001004bc        0x6 zephyr/libzephyr.a(printk.c.obj)
 .text.__printk_hook_install
                0x00000000001004c2        0xd zephyr/libzephyr.a(printk.c.obj)
                0x00000000001004c2                __printk_hook_install
 .text.vprintk  0x00000000001004cf       0x35 zephyr/libzephyr.a(printk.c.obj)
                0x00000000001004cf                vprintk
 .text.printk   0x0000000000100504       0x13 zephyr/libzephyr.a(printk.c.obj)
                0x0000000000100504                printk
 .text.z_thread_entry
                0x0000000000100517       0x32 zephyr/libzephyr.a(thread_entry.c.obj)
                0x0000000000100517                z_thread_entry
 .text.find_and_stack
                0x0000000000100549       0x51 zephyr/libzephyr.a(rb.c.obj)
 .text.stack_left_limb
                0x000000000010059a       0x49 zephyr/libzephyr.a(rb.c.obj)
 .text.set_child
                0x00000000001005e3       0x12 zephyr/libzephyr.a(rb.c.obj)
 .text.rotate   0x00000000001005f5       0xab zephyr/libzephyr.a(rb.c.obj)
 .text.z_rb_get_minmax
                0x00000000001006a0       0x27 zephyr/libzephyr.a(rb.c.obj)
                0x00000000001006a0                z_rb_get_minmax
 .text.rb_insert
                0x00000000001006c7      0x139 zephyr/libzephyr.a(rb.c.obj)
                0x00000000001006c7                rb_insert
 .text.rb_remove
                0x0000000000100800      0x38c zephyr/libzephyr.a(rb.c.obj)
                0x0000000000100800                rb_remove
 .text.z_rb_foreach_next
                0x0000000000100b8c       0x72 zephyr/libzephyr.a(rb.c.obj)
                0x0000000000100b8c                z_rb_foreach_next
 .text.setup_bundle_data.constprop.0
                0x0000000000100bfe       0x5d zephyr/libzephyr.a(bitarray.c.obj)
 .text.set_region
                0x0000000000100c5b       0xb5 zephyr/libzephyr.a(bitarray.c.obj)
 .text.set_clear_region
                0x0000000000100d10       0x6c zephyr/libzephyr.a(bitarray.c.obj)
 .text.match_region
                0x0000000000100d7c       0xc7 zephyr/libzephyr.a(bitarray.c.obj)
 .text.sys_bitarray_alloc
                0x0000000000100e43       0xc6 zephyr/libzephyr.a(bitarray.c.obj)
                0x0000000000100e43                sys_bitarray_alloc
 .text.sys_bitarray_free
                0x0000000000100f09       0x84 zephyr/libzephyr.a(bitarray.c.obj)
                0x0000000000100f09                sys_bitarray_free
 .text.sys_bitarray_set_region
                0x0000000000100f8d       0x19 zephyr/libzephyr.a(bitarray.c.obj)
                0x0000000000100f8d                sys_bitarray_set_region
 .text._ConfigAbsSyms
                0x0000000000100fa6        0x1 zephyr/libzephyr.a(configs.c.obj)
                0x0000000000100fa6                _ConfigAbsSyms
 .text.sys_trace_idle
                0x0000000000100fa7        0x1 zephyr/libzephyr.a(tracing_none.c.obj)
                0x0000000000100fa7                sys_trace_idle
 .text.arch_cpu_idle
                0x0000000000100fa8        0xc zephyr/arch/arch/x86/core/libarch__x86__core.a(cpuhalt.c.obj)
                0x0000000000100fa8                arch_cpu_idle
 .text.z_prep_c
                0x0000000000100fb4       0x3c zephyr/arch/arch/x86/core/libarch__x86__core.a(prep_c.c.obj)
                0x0000000000100fb4                z_prep_c
 .text.arch_system_halt
                0x0000000000100ff0        0x8 zephyr/arch/arch/x86/core/libarch__x86__core.a(fatal.c.obj)
                0x0000000000100ff0                arch_system_halt
 .text.z_x86_check_stack_bounds
                0x0000000000100ff8       0x49 zephyr/arch/arch/x86/core/libarch__x86__core.a(fatal.c.obj)
                0x0000000000100ff8                z_x86_check_stack_bounds
 .text.z_x86_fatal_error
                0x0000000000101041       0x10 zephyr/arch/arch/x86/core/libarch__x86__core.a(fatal.c.obj)
                0x0000000000101041                z_x86_fatal_error
 .text.z_x86_unhandled_cpu_exception
                0x0000000000101051        0xf zephyr/arch/arch/x86/core/libarch__x86__core.a(fatal.c.obj)
                0x0000000000101051                z_x86_unhandled_cpu_exception
 .text.z_x86_page_fault_handler
                0x0000000000101060       0x3a zephyr/arch/arch/x86/core/libarch__x86__core.a(fatal.c.obj)
                0x0000000000101060                z_x86_page_fault_handler
 .text.z_x86_do_kernel_oops
                0x000000000010109a       0x12 zephyr/arch/arch/x86/core/libarch__x86__core.a(fatal.c.obj)
                0x000000000010109a                z_x86_do_kernel_oops
 .text.z_multiboot_init
                0x00000000001010ac      0x175 zephyr/arch/arch/x86/core/libarch__x86__core.a(multiboot.c.obj)
                0x00000000001010ac                z_multiboot_init
 .text.mark_addr_page_reserved
                0x0000000000101221       0x38 zephyr/arch/arch/x86/core/libarch__x86__core.a(x86_mmu.c.obj)
 .text.str_append
                0x0000000000101259       0x34 zephyr/arch/arch/x86/core/libarch__x86__core.a(x86_mmu.c.obj)
 .text.range_map_unlocked.isra.0
                0x000000000010128d      0x1ab zephyr/arch/arch/x86/core/libarch__x86__core.a(x86_mmu.c.obj)
 .text.pentry_get
                0x0000000000101438       0x6e zephyr/arch/arch/x86/core/libarch__x86__core.a(x86_mmu.c.obj)
 .text.z_x86_dump_mmu_flags
                0x00000000001014a6      0x12b zephyr/arch/arch/x86/core/libarch__x86__core.a(x86_mmu.c.obj)
                0x00000000001014a6                z_x86_dump_mmu_flags
 .text.arch_mem_map
                0x00000000001015d1       0x6b zephyr/arch/arch/x86/core/libarch__x86__core.a(x86_mmu.c.obj)
                0x00000000001015d1                arch_mem_map
 .text.z_x86_mmu_init
                0x000000000010163c        0x1 zephyr/arch/arch/x86/core/libarch__x86__core.a(x86_mmu.c.obj)
                0x000000000010163c                z_x86_mmu_init
 .text.arch_reserved_pages_update
                0x000000000010163d       0x33 zephyr/arch/arch/x86/core/libarch__x86__core.a(x86_mmu.c.obj)
                0x000000000010163d                arch_reserved_pages_update
 .text.arch_printk_char_out
                0x0000000000101670       0x44 zephyr/arch/arch/x86/core/libarch__x86__core.a(early_serial.c.obj)
                0x0000000000101670                arch_printk_char_out
 .text.z_x86_early_serial_init
                0x00000000001016b4       0x5f zephyr/arch/arch/x86/core/libarch__x86__core.a(early_serial.c.obj)
                0x00000000001016b4                z_x86_early_serial_init
 .text.arch_tls_stack_setup
                0x0000000000101713       0x3b zephyr/arch/arch/x86/core/libarch__x86__core.a(tls.c.obj)
                0x0000000000101713                arch_tls_stack_setup
 .text._exception_enter
                0x000000000010174e       0x2c zephyr/arch/arch/x86/core/libarch__x86__core.a(excstub.S.obj)
                0x000000000010174e                _exception_enter
 .text._kernel_oops_handler
                0x000000000010177a        0xc zephyr/arch/arch/x86/core/libarch__x86__core.a(excstub.S.obj)
                0x000000000010177a                _kernel_oops_handler
 .text._interrupt_enter
                0x0000000000101786       0x58 zephyr/arch/arch/x86/core/libarch__x86__core.a(intstub.S.obj)
                0x0000000000101786                _interrupt_enter
 .text.z_SpuriousIntNoErrCodeHandler
                0x00000000001017de        0x2 zephyr/arch/arch/x86/core/libarch__x86__core.a(intstub.S.obj)
                0x00000000001017de                z_SpuriousIntNoErrCodeHandler
 .text.z_SpuriousIntHandler
                0x00000000001017e0       0x14 zephyr/arch/arch/x86/core/libarch__x86__core.a(intstub.S.obj)
                0x00000000001017e0                z_SpuriousIntHandler
 .text.arch_swap
                0x00000000001017f4       0x36 zephyr/arch/arch/x86/core/libarch__x86__core.a(swap.S.obj)
                0x00000000001017f4                arch_swap
 .text.z_x86_thread_entry_wrapper
                0x000000000010182a        0x9 zephyr/arch/arch/x86/core/libarch__x86__core.a(swap.S.obj)
                0x000000000010182a                z_x86_thread_entry_wrapper
 .text.arch_new_thread
                0x0000000000101833       0x42 zephyr/arch/arch/x86/core/libarch__x86__core.a(thread.c.obj)
                0x0000000000101833                arch_new_thread
 .text.z_x86_tls_update_gdt
                0x0000000000101875       0x22 zephyr/arch/arch/x86/core/libarch__x86__core.a(tls.c.obj)
                0x0000000000101875                z_x86_tls_update_gdt
 .text.z_x86_early_tls_update_gdt
                0x0000000000101897       0x2f zephyr/arch/arch/x86/core/libarch__x86__core.a(tls.c.obj)
                0x0000000000101897                z_x86_early_tls_update_gdt
 .text.z_x86_spurious_irq
                0x00000000001018c6       0x12 zephyr/arch/arch/x86/core/libarch__x86__core.a(fatal.c.obj)
                0x00000000001018c6                z_x86_spurious_irq
 .text.handle_exc_0
                0x00000000001018d8        0xd zephyr/arch/arch/x86/core/libarch__x86__core.a(fatal.c.obj)
 .text.handle_exc_2
                0x00000000001018e5        0xd zephyr/arch/arch/x86/core/libarch__x86__core.a(fatal.c.obj)
 .text.handle_exc_4
                0x00000000001018f2        0xd zephyr/arch/arch/x86/core/libarch__x86__core.a(fatal.c.obj)
 .text.handle_exc_5
                0x00000000001018ff        0xd zephyr/arch/arch/x86/core/libarch__x86__core.a(fatal.c.obj)
 .text.handle_exc_6
                0x000000000010190c        0xd zephyr/arch/arch/x86/core/libarch__x86__core.a(fatal.c.obj)
 .text.handle_exc_7
                0x0000000000101919        0xd zephyr/arch/arch/x86/core/libarch__x86__core.a(fatal.c.obj)
 .text.handle_exc_8
                0x0000000000101926        0xd zephyr/arch/arch/x86/core/libarch__x86__core.a(fatal.c.obj)
 .text.handle_exc_10
                0x0000000000101933        0xd zephyr/arch/arch/x86/core/libarch__x86__core.a(fatal.c.obj)
 .text.handle_exc_11
                0x0000000000101940        0xd zephyr/arch/arch/x86/core/libarch__x86__core.a(fatal.c.obj)
 .text.handle_exc_12
                0x000000000010194d        0xd zephyr/arch/arch/x86/core/libarch__x86__core.a(fatal.c.obj)
 .text.handle_exc_13
                0x000000000010195a        0xd zephyr/arch/arch/x86/core/libarch__x86__core.a(fatal.c.obj)
 .text.handle_exc_16
                0x0000000000101967        0xd zephyr/arch/arch/x86/core/libarch__x86__core.a(fatal.c.obj)
 .text.handle_exc_17
                0x0000000000101974        0xd zephyr/arch/arch/x86/core/libarch__x86__core.a(fatal.c.obj)
 .text.handle_exc_18
                0x0000000000101981        0xd zephyr/arch/arch/x86/core/libarch__x86__core.a(fatal.c.obj)
 .text.z_impl_zephyr_fputc
                0x000000000010198e       0x11 zephyr/lib/libc/picolibc/liblib__libc__picolibc.a(libc-hooks.c.obj)
                0x000000000010198e                z_impl_zephyr_fputc
 .text.picolibc_put
                0x000000000010199f       0x18 zephyr/lib/libc/picolibc/liblib__libc__picolibc.a(libc-hooks.c.obj)
 .text.__stdout_hook_install
                0x00000000001019b7       0x14 zephyr/lib/libc/picolibc/liblib__libc__picolibc.a(libc-hooks.c.obj)
                0x00000000001019b7                __stdout_hook_install
 .text.malloc_prepare
                0x00000000001019cb       0x1e zephyr/lib/libc/common/liblib__libc__common.a(malloc.c.obj)
 .text.__IoApicGet
                0x00000000001019e9       0x1e zephyr/drivers/interrupt_controller/libdrivers__interrupt_controller.a(intc_ioapic.c.obj)
 .text.__IoApicSet
                0x0000000000101a07       0x24 zephyr/drivers/interrupt_controller/libdrivers__interrupt_controller.a(intc_ioapic.c.obj)
 .text.IoApicRedUpdateLo
                0x0000000000101a2b       0x28 zephyr/drivers/interrupt_controller/libdrivers__interrupt_controller.a(intc_ioapic.c.obj)
 .text.ioapic_init
                0x0000000000101a53       0x6a zephyr/drivers/interrupt_controller/libdrivers__interrupt_controller.a(intc_ioapic.c.obj)
                0x0000000000101a53                ioapic_init
 .text.z_ioapic_num_rtes
                0x0000000000101abd        0x6 zephyr/drivers/interrupt_controller/libdrivers__interrupt_controller.a(intc_ioapic.c.obj)
                0x0000000000101abd                z_ioapic_num_rtes
 .text.z_ioapic_irq_enable
                0x0000000000101ac3       0x13 zephyr/drivers/interrupt_controller/libdrivers__interrupt_controller.a(intc_ioapic.c.obj)
                0x0000000000101ac3                z_ioapic_irq_enable
 .text.z_ioapic_irq_set
                0x0000000000101ad6       0x37 zephyr/drivers/interrupt_controller/libdrivers__interrupt_controller.a(intc_ioapic.c.obj)
                0x0000000000101ad6                z_ioapic_irq_set
 .text.loapic_init
                0x0000000000101b0d        0x3 zephyr/drivers/interrupt_controller/libdrivers__interrupt_controller.a(intc_loapic.c.obj)
 .text.z_loapic_enable
                0x0000000000101b10      0x123 zephyr/drivers/interrupt_controller/libdrivers__interrupt_controller.a(intc_loapic.c.obj)
                0x0000000000101b10                z_loapic_enable
 .text.z_loapic_irq_base
                0x0000000000101c33        0x5 zephyr/drivers/interrupt_controller/libdrivers__interrupt_controller.a(intc_loapic.c.obj)
                0x0000000000101c33                z_loapic_irq_base
 .text.z_loapic_int_vec_set
                0x0000000000101c38       0x2f zephyr/drivers/interrupt_controller/libdrivers__interrupt_controller.a(intc_loapic.c.obj)
                0x0000000000101c38                z_loapic_int_vec_set
 .text.z_loapic_irq_enable
                0x0000000000101c67       0x30 zephyr/drivers/interrupt_controller/libdrivers__interrupt_controller.a(intc_loapic.c.obj)
                0x0000000000101c67                z_loapic_irq_enable
 .text.z_irq_controller_isr_vector_get
                0x0000000000101c97       0x2d zephyr/drivers/interrupt_controller/libdrivers__interrupt_controller.a(intc_loapic.c.obj)
                0x0000000000101c97                z_irq_controller_isr_vector_get
 .text.z_irq_controller_irq_config
                0x0000000000101cc4       0x40 zephyr/drivers/interrupt_controller/libdrivers__interrupt_controller.a(intc_system_apic.c.obj)
                0x0000000000101cc4                z_irq_controller_irq_config
 .text.arch_irq_enable
                0x0000000000101d04       0x2b zephyr/drivers/interrupt_controller/libdrivers__interrupt_controller.a(intc_system_apic.c.obj)
                0x0000000000101d04                arch_irq_enable
 .text.uart_console_init
                0x0000000000101d2f       0x34 zephyr/drivers/console/libdrivers__console.a(uart_console.c.obj)
 .text.console_out
                0x0000000000101d63       0x33 zephyr/drivers/console/libdrivers__console.a(uart_console.c.obj)
 .text.get_port
                0x0000000000101d96       0x12 zephyr/drivers/serial/libdrivers__serial.a(uart_ns16550.c.obj)
 .text.uart_ns16550_config_get
                0x0000000000101da8       0x2d zephyr/drivers/serial/libdrivers__serial.a(uart_ns16550.c.obj)
 .text.ns16550_outbyte.isra.0
                0x0000000000101dd5       0x14 zephyr/drivers/serial/libdrivers__serial.a(uart_ns16550.c.obj)
 .text.uart_ns16550_poll_in
                0x0000000000101de9       0x5b zephyr/drivers/serial/libdrivers__serial.a(uart_ns16550.c.obj)
 .text.uart_ns16550_poll_out
                0x0000000000101e44       0x54 zephyr/drivers/serial/libdrivers__serial.a(uart_ns16550.c.obj)
 .text.uart_ns16550_err_check
                0x0000000000101e98       0x3c zephyr/drivers/serial/libdrivers__serial.a(uart_ns16550.c.obj)
 .text.uart_ns16550_configure
                0x0000000000101ed4      0x277 zephyr/drivers/serial/libdrivers__serial.a(uart_ns16550.c.obj)
 .text.uart_ns16550_init
                0x000000000010214b       0x37 zephyr/drivers/serial/libdrivers__serial.a(uart_ns16550.c.obj)
 .text.hpet_counter_get
                0x0000000000102182       0x2a zephyr/drivers/timer/libdrivers__timer.a(hpet.c.obj)
 .text.hpet_isr
                0x00000000001021ac       0x9b zephyr/drivers/timer/libdrivers__timer.a(hpet.c.obj)
 .text.hpet_timer_comparator_set_safe
                0x0000000000102247       0x6c zephyr/drivers/timer/libdrivers__timer.a(hpet.c.obj)
 .text.sys_clock_driver_init
                0x00000000001022b3       0xf5 zephyr/drivers/timer/libdrivers__timer.a(hpet.c.obj)
 .text.sys_clock_set_timeout
                0x00000000001023a8       0x8c zephyr/drivers/timer/libdrivers__timer.a(hpet.c.obj)
                0x00000000001023a8                sys_clock_set_timeout
 .text.sys_clock_elapsed
                0x0000000000102434       0x40 zephyr/drivers/timer/libdrivers__timer.a(hpet.c.obj)
                0x0000000000102434                sys_clock_elapsed
 .text.z_device_state_init
                0x0000000000102474        0x1 zephyr/kernel/libkernel.a(device.c.obj)
                0x0000000000102474                z_device_state_init
 .text.z_impl_device_is_ready
                0x0000000000102475       0x24 zephyr/kernel/libkernel.a(device.c.obj)
                0x0000000000102475                z_impl_device_is_ready
 .text.k_sys_fatal_error_handler
                0x0000000000102499        0xb zephyr/kernel/libkernel.a(fatal.c.obj)
                0x0000000000102499                k_sys_fatal_error_handler
 .text.z_fatal_error
                0x00000000001024a4       0x32 zephyr/kernel/libkernel.a(fatal.c.obj)
                0x00000000001024a4                z_fatal_error
 .text.do_device_init
                0x00000000001024d6       0x3b zephyr/kernel/libkernel.a(init.c.obj)
 .text.z_sys_init_run_level
                0x0000000000102511       0x31 zephyr/kernel/libkernel.a(init.c.obj)
 .text.bg_thread_main
                0x0000000000102542       0xe9 zephyr/kernel/libkernel.a(init.c.obj)
 .text.z_early_memset
                0x000000000010262b       0x12 zephyr/kernel/libkernel.a(init.c.obj)
                0x000000000010262b                z_early_memset
 .text.z_bss_zero
                0x000000000010263d       0x1f zephyr/kernel/libkernel.a(init.c.obj)
                0x000000000010263d                z_bss_zero
 .text.z_init_cpu
                0x000000000010265c       0x63 zephyr/kernel/libkernel.a(init.c.obj)
                0x000000000010265c                z_init_cpu
 .text.z_cstart
                0x00000000001026bf       0xa8 zephyr/kernel/libkernel.a(init.c.obj)
                0x00000000001026bf                z_cstart
 .text.z_init_static
                0x0000000000102767        0x1 zephyr/kernel/libkernel.a(init_static.c.obj)
                0x0000000000102767                z_init_static
 .text.idle     0x0000000000102768        0xd zephyr/kernel/libkernel.a(idle.c.obj)
                0x0000000000102768                idle
 .text.z_priq_rb_lessthan
                0x0000000000102775       0x30 zephyr/kernel/libkernel.a(priority_queues.c.obj)
                0x0000000000102775                z_priq_rb_lessthan
 .text.z_impl_k_thread_start
                0x00000000001027a5        0x5 zephyr/kernel/libkernel.a(thread.c.obj)
                0x00000000001027a5                z_impl_k_thread_start
 .text.z_setup_new_thread
                0x00000000001027aa       0xa0 zephyr/kernel/libkernel.a(thread.c.obj)
                0x00000000001027aa                z_setup_new_thread
 .text.unpend_thread_no_timeout
                0x000000000010284a       0x2d zephyr/kernel/libkernel.a(sched.c.obj)
 .text.rb_get_min
                0x0000000000102877        0xf zephyr/kernel/libkernel.a(sched.c.obj)
 .text.update_cache
                0x0000000000102886       0x4e zephyr/kernel/libkernel.a(sched.c.obj)
 .text.ready_thread
                0x00000000001028d4       0xab zephyr/kernel/libkernel.a(sched.c.obj)
 .text.z_thread_halt
                0x000000000010297f      0x122 zephyr/kernel/libkernel.a(sched.c.obj)
 .text.z_sched_prio_cmp
                0x0000000000102aa1       0x1d zephyr/kernel/libkernel.a(sched.c.obj)
                0x0000000000102aa1                z_sched_prio_cmp
 .text.move_thread_to_end_of_prio_q
                0x0000000000102abe       0xc1 zephyr/kernel/libkernel.a(sched.c.obj)
                0x0000000000102abe                move_thread_to_end_of_prio_q
 .text.z_ready_thread
                0x0000000000102b7f       0x19 zephyr/kernel/libkernel.a(sched.c.obj)
                0x0000000000102b7f                z_ready_thread
 .text.z_sched_wake_thread
                0x0000000000102b98       0x4b zephyr/kernel/libkernel.a(sched.c.obj)
                0x0000000000102b98                z_sched_wake_thread
 .text.z_thread_timeout
                0x0000000000102be3       0x15 zephyr/kernel/libkernel.a(sched.c.obj)
                0x0000000000102be3                z_thread_timeout
 .text.z_reschedule
                0x0000000000102bf8       0x2f zephyr/kernel/libkernel.a(sched.c.obj)
                0x0000000000102bf8                z_reschedule
 .text.z_sched_start
                0x0000000000102c27       0x39 zephyr/kernel/libkernel.a(sched.c.obj)
                0x0000000000102c27                z_sched_start
 .text.z_reschedule_irqlock
                0x0000000000102c60       0x29 zephyr/kernel/libkernel.a(sched.c.obj)
                0x0000000000102c60                z_reschedule_irqlock
 .text.k_sched_lock
                0x0000000000102c89       0x13 zephyr/kernel/libkernel.a(sched.c.obj)
                0x0000000000102c89                k_sched_lock
 .text.k_sched_unlock
                0x0000000000102c9c       0x2c zephyr/kernel/libkernel.a(sched.c.obj)
                0x0000000000102c9c                k_sched_unlock
 .text.init_ready_q
                0x0000000000102cc8       0x1d zephyr/kernel/libkernel.a(sched.c.obj)
                0x0000000000102cc8                init_ready_q
 .text.z_sched_init
                0x0000000000102ce5       0x10 zephyr/kernel/libkernel.a(sched.c.obj)
                0x0000000000102ce5                z_sched_init
 .text.z_impl_k_sched_current_thread_query
                0x0000000000102cf5        0x6 zephyr/kernel/libkernel.a(sched.c.obj)
                0x0000000000102cf5                z_impl_k_sched_current_thread_query
 .text.z_thread_abort
                0x0000000000102cfb       0x36 zephyr/kernel/libkernel.a(sched.c.obj)
                0x0000000000102cfb                z_thread_abort
 .text.z_impl_k_thread_abort
                0x0000000000102d31        0x5 zephyr/kernel/libkernel.a(sched.c.obj)
                0x0000000000102d31                z_impl_k_thread_abort
 .text.slice_timeout
                0x0000000000102d36       0x1d zephyr/kernel/libkernel.a(timeslicing.c.obj)
 .text.thread_is_sliceable
                0x0000000000102d53       0x3f zephyr/kernel/libkernel.a(timeslicing.c.obj)
                0x0000000000102d53                thread_is_sliceable
 .text.z_reset_time_slice
                0x0000000000102d92       0x4e zephyr/kernel/libkernel.a(timeslicing.c.obj)
                0x0000000000102d92                z_reset_time_slice
 .text.z_time_slice
                0x0000000000102de0       0x4b zephyr/kernel/libkernel.a(timeslicing.c.obj)
                0x0000000000102de0                z_time_slice
 .text.elapsed  0x0000000000102e2b       0x11 zephyr/kernel/libkernel.a(timeout.c.obj)
 .text.remove_timeout
                0x0000000000102e3c       0x36 zephyr/kernel/libkernel.a(timeout.c.obj)
 .text.next_timeout
                0x0000000000102e72       0x4f zephyr/kernel/libkernel.a(timeout.c.obj)
 .text.z_add_timeout
                0x0000000000102ec1      0x137 zephyr/kernel/libkernel.a(timeout.c.obj)
                0x0000000000102ec1                z_add_timeout
 .text.z_abort_timeout
                0x0000000000102ff8       0x27 zephyr/kernel/libkernel.a(timeout.c.obj)
                0x0000000000102ff8                z_abort_timeout
 .text.sys_clock_announce
                0x000000000010301f      0x110 zephyr/kernel/libkernel.a(timeout.c.obj)
                0x000000000010301f                sys_clock_announce
 .text.virt_region_free
                0x000000000010312f       0x75 zephyr/kernel/libkernel.a(mmu.c.obj)
 .text.free_page_frame_list_put
                0x00000000001031a4       0x31 zephyr/kernel/libkernel.a(mmu.c.obj)
 .text.virt_region_alloc
                0x00000000001031d5       0xdd zephyr/kernel/libkernel.a(mmu.c.obj)
 .text.virt_region_align
                0x00000000001032b2        0x6 zephyr/kernel/libkernel.a(mmu.c.obj)
                0x00000000001032b2                arch_virt_region_align
 .text.k_mem_region_align
                0x00000000001032b8       0x32 zephyr/kernel/libkernel.a(mmu.c.obj)
                0x00000000001032b8                k_mem_region_align
 .text.k_mem_map_phys_bare
                0x00000000001032ea       0x76 zephyr/kernel/libkernel.a(mmu.c.obj)
                0x00000000001032ea                k_mem_map_phys_bare
 .text.z_mem_manage_init
                0x0000000000103360       0x77 zephyr/kernel/libkernel.a(mmu.c.obj)
                0x0000000000103360                z_mem_manage_init
 .text.z_mem_manage_boot_finish
                0x00000000001033d7        0x1 zephyr/kernel/libkernel.a(mmu.c.obj)
                0x00000000001033d7                z_mem_manage_boot_finish
 .text.boot_banner
                0x00000000001033d8       0x10 zephyr/kernel/libkernel.a(banner.c.obj)
                0x00000000001033d8                boot_banner
 .text.strnlen  0x00000000001033e8       0x1d c:\users\steve\desktop\zephyr-sdk-0.16.8\x86_64-zephyr-elf\bin\../lib/gcc/../../picolibc/x86_64-zephyr-elf/lib/32/soft-float\libc.a(libc_string_strnlen.c.o)
                0x00000000001033e8                strnlen
 .text.printf   0x0000000000103405       0x1a c:\users\steve\desktop\zephyr-sdk-0.16.8\x86_64-zephyr-elf\bin\../lib/gcc/../../picolibc/x86_64-zephyr-elf/lib/32/soft-float\libc.a(libc_tinystdio_printf.c.o)
                0x0000000000103405                printf
 .text.snprintf
                0x000000000010341f       0x66 c:\users\steve\desktop\zephyr-sdk-0.16.8\x86_64-zephyr-elf\bin\../lib/gcc/../../picolibc/x86_64-zephyr-elf/lib/32/soft-float\libc.a(libc_tinystdio_snprintf.c.o)
                0x000000000010341f                snprintf
 .text.__ultoa_invert
                0x0000000000103485       0xe8 c:\users\steve\desktop\zephyr-sdk-0.16.8\x86_64-zephyr-elf\bin\../lib/gcc/../../picolibc/x86_64-zephyr-elf/lib/32/soft-float\libc.a(libc_tinystdio_vflprintf.c.o)
 .text.__l_vfprintf
                0x000000000010356d      0x594 c:\users\steve\desktop\zephyr-sdk-0.16.8\x86_64-zephyr-elf\bin\../lib/gcc/../../picolibc/x86_64-zephyr-elf/lib/32/soft-float\libc.a(libc_tinystdio_vflprintf.c.o)
                0x000000000010356d                __l_vfprintf
 .text.__file_str_put
                0x0000000000103b01       0x20 c:\users\steve\desktop\zephyr-sdk-0.16.8\x86_64-zephyr-elf\bin\../lib/gcc/../../picolibc/x86_64-zephyr-elf/lib/32/soft-float\libc.a(libc_tinystdio_filestrput.c.o)
                0x0000000000103b01                __file_str_put
 *(SORT_BY_ALIGNMENT(.gnu.linkonce.t.*))
 *(.init)
 *(.fini)
 *(SORT_BY_ALIGNMENT(.eini))
                0x0000000000104000                . = ALIGN (0x1000)
 *fill*         0x0000000000103b21      0x4df 00
                0x0000000000104000                __text_region_end = .
                0x0000000000004000                __text_region_size = (__text_region_end - __text_region_start)
                0x0000000000104000                __rodata_region_start = .

initlevel       0x0000000000104000       0x38
                0x0000000000104000                __init_start = .
                0x0000000000104000                __init_EARLY_start = .
 *(SORT_BY_NAME(SORT_BY_ALIGNMENT(.z_init_EARLY?_*)))
 *(SORT_BY_NAME(SORT_BY_ALIGNMENT(.z_init_EARLY??_*)))
                0x0000000000104000                __init_PRE_KERNEL_1_start = .
 *(SORT_BY_NAME(SORT_BY_ALIGNMENT(.z_init_PRE_KERNEL_1?_*)))
 *(SORT_BY_NAME(SORT_BY_ALIGNMENT(.z_init_PRE_KERNEL_1??_*)))
 .z_init_PRE_KERNEL_140_00011_
                0x0000000000104000        0x8 zephyr/drivers/interrupt_controller/libdrivers__interrupt_controller.a(intc_loapic.c.obj)
 .z_init_PRE_KERNEL_140_00015_
                0x0000000000104008        0x8 zephyr/drivers/interrupt_controller/libdrivers__interrupt_controller.a(intc_ioapic.c.obj)
 .z_init_PRE_KERNEL_150_00026_
                0x0000000000104010        0x8 zephyr/drivers/serial/libdrivers__serial.a(uart_ns16550.c.obj)
 .z_init_PRE_KERNEL_150_00027_
                0x0000000000104018        0x8 zephyr/drivers/serial/libdrivers__serial.a(uart_ns16550.c.obj)
 .z_init_PRE_KERNEL_160_0_
                0x0000000000104020        0x8 zephyr/drivers/console/libdrivers__console.a(uart_console.c.obj)
                0x0000000000104028                __init_PRE_KERNEL_2_start = .
 *(SORT_BY_NAME(SORT_BY_ALIGNMENT(.z_init_PRE_KERNEL_2?_*)))
 .z_init_PRE_KERNEL_20_0_
                0x0000000000104028        0x8 zephyr/drivers/timer/libdrivers__timer.a(hpet.c.obj)
 *(SORT_BY_NAME(SORT_BY_ALIGNMENT(.z_init_PRE_KERNEL_2??_*)))
                0x0000000000104030                __init_POST_KERNEL_start = .
 *(SORT_BY_NAME(SORT_BY_ALIGNMENT(.z_init_POST_KERNEL?_*)))
 *(SORT_BY_NAME(SORT_BY_ALIGNMENT(.z_init_POST_KERNEL??_*)))
 .z_init_POST_KERNEL35_0_
                0x0000000000104030        0x8 zephyr/lib/libc/common/liblib__libc__common.a(malloc.c.obj)
                0x0000000000104038                __init_APPLICATION_start = .
 *(SORT_BY_NAME(SORT_BY_ALIGNMENT(.z_init_APPLICATION?_*)))
 *(SORT_BY_NAME(SORT_BY_ALIGNMENT(.z_init_APPLICATION??_*)))
                0x0000000000104038                __init_SMP_start = .
 *(SORT_BY_NAME(SORT_BY_ALIGNMENT(.z_init_SMP?_*)))
 *(SORT_BY_NAME(SORT_BY_ALIGNMENT(.z_init_SMP??_*)))
                0x0000000000104038                __init_end = .
                0x0000000000104038                __deferred_init_list_start = .
 *(SORT_BY_ALIGNMENT(.z_deferred_init*))
                0x0000000000104038                __deferred_init_list_end = .

device_area     0x0000000000104038       0x50
                0x0000000000104038                _device_list_start = .
 *(SORT_BY_NAME(SORT_BY_ALIGNMENT(._device.static.*_?_*)))
 *(SORT_BY_NAME(SORT_BY_ALIGNMENT(._device.static.*_??_*)))
 ._device.static.1_40_
                0x0000000000104038       0x14 zephyr/drivers/interrupt_controller/libdrivers__interrupt_controller.a(intc_ioapic.c.obj)
                0x0000000000104038                __device_dts_ord_15
 ._device.static.1_40_
                0x000000000010404c       0x14 zephyr/drivers/interrupt_controller/libdrivers__interrupt_controller.a(intc_loapic.c.obj)
                0x000000000010404c                __device_dts_ord_11
 ._device.static.1_50_
                0x0000000000104060       0x28 zephyr/drivers/serial/libdrivers__serial.a(uart_ns16550.c.obj)
                0x0000000000104060                __device_dts_ord_27
                0x0000000000104074                __device_dts_ord_26
                0x0000000000104088                _device_list_end = .

initlevel_error
                0x0000000000104000        0x0
 *(SORT_BY_NAME(SORT_BY_ALIGNMENT(.z_init_[_A-Z0-9]*)))
                0x0000000000000001                ASSERT ((SIZEOF (initlevel_error) == 0x0), Undefined initialization levels used.)

app_shmem_regions
                0x0000000000104088        0x0
                0x0000000000104088                __app_shmem_regions_start = .
 *(SORT_BY_NAME(SORT_BY_ALIGNMENT(.app_regions.*)))
                0x0000000000104088                __app_shmem_regions_end = .

k_p4wq_initparam_area
                0x0000000000104088        0x0
                0x0000000000104088                _k_p4wq_initparam_list_start = .
 *(SORT_BY_NAME(SORT_BY_ALIGNMENT(._k_p4wq_initparam.static.*)))
                0x0000000000104088                _k_p4wq_initparam_list_end = .

_static_thread_data_area
                0x0000000000104088        0x0
                0x0000000000104088                __static_thread_data_list_start = .
 *(SORT_BY_NAME(SORT_BY_ALIGNMENT(.__static_thread_data.static.*)))
                0x0000000000104088                __static_thread_data_list_end = .

device_deps     0x0000000000104088        0x0
                0x0000000000104088                __device_deps_start = .
 *(SORT_BY_NAME(SORT_BY_ALIGNMENT(.__device_deps_pass2*)))
                0x0000000000104088                __device_deps_end = .

ztest           0x0000000000104088        0x0
                0x0000000000104088                _ztest_expected_result_entry_list_start = .
 *(SORT_BY_NAME(SORT_BY_ALIGNMENT(._ztest_expected_result_entry.static.*)))
                0x0000000000104088                _ztest_expected_result_entry_list_end = .
                0x0000000000104088                _ztest_suite_node_list_start = .
 *(SORT_BY_NAME(SORT_BY_ALIGNMENT(._ztest_suite_node.static.*)))
                0x0000000000104088                _ztest_suite_node_list_end = .
                0x0000000000104088                _ztest_unit_test_list_start = .
 *(SORT_BY_NAME(SORT_BY_ALIGNMENT(._ztest_unit_test.static.*)))
                0x0000000000104088                _ztest_unit_test_list_end = .
                0x0000000000104088                _ztest_test_rule_list_start = .
 *(SORT_BY_NAME(SORT_BY_ALIGNMENT(._ztest_test_rule.static.*)))
                0x0000000000104088                _ztest_test_rule_list_end = .

init_array      0x0000000000104088        0x0
 *(SORT_BY_NAME(SORT_BY_ALIGNMENT(.ctors*)))
 *(SORT_BY_NAME(SORT_BY_ALIGNMENT(.init_array*)))
                0x0000000000000001                ASSERT ((SIZEOF (init_array) == 0x0), GNU-style constructors required but STATIC_INIT_GNU not enabled)

bt_l2cap_fixed_chan_area
                0x0000000000104088        0x0
                0x0000000000104088                _bt_l2cap_fixed_chan_list_start = .
 *(SORT_BY_NAME(SORT_BY_ALIGNMENT(._bt_l2cap_fixed_chan.static.*)))
                0x0000000000104088                _bt_l2cap_fixed_chan_list_end = .

bt_gatt_service_static_area
                0x0000000000104088        0x0
                0x0000000000104088                _bt_gatt_service_static_list_start = .
 *(SORT_BY_NAME(SORT_BY_ALIGNMENT(._bt_gatt_service_static.static.*)))
                0x0000000000104088                _bt_gatt_service_static_list_end = .

log_strings_area
                0x0000000000104088        0x0
                0x0000000000104088                _log_strings_list_start = .
 *(SORT_BY_NAME(SORT_BY_ALIGNMENT(._log_strings.static.*)))
                0x0000000000104088                _log_strings_list_end = .

log_const_area  0x0000000000104088        0x0
                0x0000000000104088                _log_const_list_start = .
 *(SORT_BY_NAME(SORT_BY_ALIGNMENT(._log_const.static.*)))
                0x0000000000104088                _log_const_list_end = .

log_backend_area
                0x0000000000104088        0x0
                0x0000000000104088                _log_backend_list_start = .
 *(SORT_BY_NAME(SORT_BY_ALIGNMENT(._log_backend.static.*)))
                0x0000000000104088                _log_backend_list_end = .

log_link_area   0x0000000000104088        0x0
                0x0000000000104088                _log_link_list_start = .
 *(SORT_BY_NAME(SORT_BY_ALIGNMENT(._log_link.static.*)))
                0x0000000000104088                _log_link_list_end = .

tracing_backend_area
                0x0000000000104088        0x0
                0x0000000000104088                _tracing_backend_list_start = .
 *(SORT_BY_NAME(SORT_BY_ALIGNMENT(._tracing_backend.static.*)))
                0x0000000000104088                _tracing_backend_list_end = .

zephyr_dbg_info
 *(SORT_BY_ALIGNMENT(.dbg_thread_info))

intc_table_area
                0x0000000000104088        0x0
                0x0000000000104088                _intc_table_list_start = .
 *(SORT_BY_NAME(SORT_BY_ALIGNMENT(._intc_table.static.*)))
                0x0000000000104088                _intc_table_list_end = .

symbol_to_keep  0x0000000000104088        0x0
                0x0000000000104088                __symbol_to_keep_start = .
 *(SORT_BY_NAME(SORT_BY_ALIGNMENT(.symbol_to_keep*)))
                0x0000000000104088                __symbol_to_keep_end = .

shell_area      0x0000000000104088        0x0
                0x0000000000104088                _shell_list_start = .
 *(SORT_BY_NAME(SORT_BY_ALIGNMENT(._shell.static.*)))
                0x0000000000104088                _shell_list_end = .

shell_root_cmds_area
                0x0000000000104088        0x0
                0x0000000000104088                _shell_root_cmds_list_start = .
 *(SORT_BY_NAME(SORT_BY_ALIGNMENT(._shell_root_cmds.static.*)))
                0x0000000000104088                _shell_root_cmds_list_end = .

shell_subcmds_area
                0x0000000000104088        0x0
                0x0000000000104088                _shell_subcmds_list_start = .
 *(SORT_BY_NAME(SORT_BY_ALIGNMENT(._shell_subcmds.static.*)))
                0x0000000000104088                _shell_subcmds_list_end = .

shell_dynamic_subcmds_area
                0x0000000000104088        0x0
                0x0000000000104088                _shell_dynamic_subcmds_list_start = .
 *(SORT_BY_NAME(SORT_BY_ALIGNMENT(._shell_dynamic_subcmds.static.*)))
                0x0000000000104088                _shell_dynamic_subcmds_list_end = .

cfb_font_area   0x0000000000104088        0x0
                0x0000000000104088                _cfb_font_list_start = .
 *(SORT_BY_NAME(SORT_BY_ALIGNMENT(._cfb_font.static.*)))
                0x0000000000104088                _cfb_font_list_end = .

tdata           0x0000000000104088        0x0
 *(SORT_BY_ALIGNMENT(.tdata) SORT_BY_ALIGNMENT(.tdata.*) SORT_BY_ALIGNMENT(.gnu.linkonce.td.*))

tbss            0x0000000000104088        0x4
 *(SORT_BY_ALIGNMENT(.tbss) SORT_BY_ALIGNMENT(.tbss.*) SORT_BY_ALIGNMENT(.gnu.linkonce.tb.*) SORT_BY_ALIGNMENT(.tcommon))
 .tbss.z_tls_current
                0x0000000000104088        0x4 zephyr/libzephyr.a(thread_entry.c.obj)
                0x0000000000104088                z_tls_current
                0x0000000000104088                PROVIDE (__tdata_start = ADDR (tdata))
                0x0000000000000001                PROVIDE (__tdata_align = ALIGNOF (tdata))
                0x0000000000000000                PROVIDE (__tdata_size = (((SIZEOF (tdata) + __tdata_align) - 0x1) & ~ ((__tdata_align - 0x1))))
                [!provide]                        PROVIDE (__tdata_end = (__tdata_start + __tdata_size))
                0x0000000000000004                PROVIDE (__tbss_align = ALIGNOF (tbss))
                [!provide]                        PROVIDE (__tbss_start = ADDR (tbss))
                0x0000000000000004                PROVIDE (__tbss_size = (((SIZEOF (tbss) + __tbss_align) - 0x1) & ~ ((__tbss_align - 0x1))))
                [!provide]                        PROVIDE (__tbss_end = (__tbss_start + __tbss_size))
                [!provide]                        PROVIDE (__tls_start = __tdata_start)
                [!provide]                        PROVIDE (__tls_end = __tbss_end)
                [!provide]                        PROVIDE (__tls_size = (__tbss_end - __tdata_start))

rodata          0x00000000001040a0      0xad0
 *(SORT_BY_ALIGNMENT(.rodata))
 *(SORT_BY_ALIGNMENT(.rodata.*))
 .rodata.paging_levels
                0x00000000001040a0       0x3c zephyr/arch/arch/x86/core/libarch__x86__core.a(x86_mmu.c.obj)
 *fill*         0x00000000001040dc        0x4 
 .rodata._gdt_rom
                0x00000000001040e0       0x18 zephyr/arch/arch/x86/core/libarch__x86__core.a(crt0.S.obj)
 .rodata.CSWTCH.15
                0x00000000001040f8        0x5 zephyr/arch/arch/x86/core/libarch__x86__core.a(multiboot.c.obj)
 *fill*         0x00000000001040fd        0x3 
 .rodata.stdout
                0x0000000000104100        0x4 zephyr/lib/libc/picolibc/liblib__libc__picolibc.a(libc-hooks.c.obj)
                0x0000000000104100                stderr
                0x0000000000104100                stdout
 .rodata.uart_ns16550_dev_cfg_1
                0x0000000000104104       0x18 zephyr/drivers/serial/libdrivers__serial.a(uart_ns16550.c.obj)
 .rodata.uart_ns16550_dev_cfg_0
                0x000000000010411c       0x18 zephyr/drivers/serial/libdrivers__serial.a(uart_ns16550.c.obj)
 .rodata.uart_ns16550_driver_api
                0x0000000000104134       0x14 zephyr/drivers/serial/libdrivers__serial.a(uart_ns16550.c.obj)
 .rodata._k_neg_eagain
                0x0000000000104148        0x4 zephyr/kernel/libkernel.a(errno.c.obj)
                0x0000000000104148                _k_neg_eagain
 .rodata.levels.0
                0x000000000010414c       0x18 zephyr/kernel/libkernel.a(init.c.obj)
 .rodata.__l_vfprintf
                0x0000000000104164       0x90 c:\users\steve\desktop\zephyr-sdk-0.16.8\x86_64-zephyr-elf\bin\../lib/gcc/../../picolibc/x86_64-zephyr-elf/lib/32/soft-float\libc.a(libc_tinystdio_vflprintf.c.o)
 .rodata.main.str1.1
                0x00000000001041f4       0x1f app/libapp.a(main.c.obj)
 .rodata.str_append.str1.1
                0x0000000000104213        0x3 zephyr/arch/arch/x86/core/libarch__x86__core.a(x86_mmu.c.obj)
 .rodata.z_x86_dump_mmu_flags.str1.1
                0x0000000000104216       0x1c zephyr/arch/arch/x86/core/libarch__x86__core.a(x86_mmu.c.obj)
                                         0x1f (size before relaxing)
 .rodata.str1.1
                0x0000000000104232        0x8 zephyr/arch/arch/x86/core/libarch__x86__core.a(x86_mmu.c.obj)
                                          0xb (size before relaxing)
 .rodata.z_x86_early_serial_init.str1.1
                0x000000000010423a       0x31 zephyr/arch/arch/x86/core/libarch__x86__core.a(early_serial.c.obj)
 .rodata.str1.1
                0x000000000010426b       0x10 zephyr/drivers/interrupt_controller/libdrivers__interrupt_controller.a(intc_ioapic.c.obj)
 .rodata.str1.1
                0x000000000010427b       0x10 zephyr/drivers/interrupt_controller/libdrivers__interrupt_controller.a(intc_loapic.c.obj)
 .rodata.str1.1
                0x000000000010428b       0x12 zephyr/drivers/serial/libdrivers__serial.a(uart_ns16550.c.obj)
 .rodata.z_cstart.str1.1
                0x000000000010429d        0x5 zephyr/kernel/libkernel.a(init.c.obj)
 .rodata.boot_banner.str1.1
                0x00000000001042a2       0x3a zephyr/kernel/libkernel.a(banner.c.obj)
 .rodata.__l_vfprintf.str1.1
                0x00000000001042dc        0xf c:\users\steve\desktop\zephyr-sdk-0.16.8\x86_64-zephyr-elf\bin\../lib/gcc/../../picolibc/x86_64-zephyr-elf/lib/32/soft-float\libc.a(libc_tinystdio_vflprintf.c.o)
 *(SORT_BY_ALIGNMENT(.gnu.linkonce.r.*))
                0x00000000001042f0                . = ALIGN (0x8)
 *fill*         0x00000000001042eb        0x5 
                0x00000000001042f0                _idt_base_address = .
                0x0000000000104af0                . = (. + 0x800)
 *fill*         0x00000000001042f0      0x800 
                0x0000000000104af0                . = ALIGN (0x4)
                0x0000000000104af0                _irq_to_interrupt_vector = .
                0x0000000000104b70                . = (. + 0x80)
 *fill*         0x0000000000104af0       0x80 
                0x0000000000105000                . = ALIGN (0x1000)
                0x0000000000105000                __rodata_region_end = .
                0x0000000000001000                __rodata_region_size = (__rodata_region_end - __rodata_region_start)

/DISCARD/
 *(SORT_BY_ALIGNMENT(.got.plt))
 *(SORT_BY_ALIGNMENT(.igot.plt))
 *(SORT_BY_ALIGNMENT(.got))
 *(SORT_BY_ALIGNMENT(.igot))

datas           0x0000000000104b80      0x9f0
                0x0000000000105000                . = ALIGN (0x1000)
 *fill*         0x0000000000104b80      0x480 
                0x0000000000105000                __data_region_start = .
                0x0000000000105000                __data_start = .
 *(SORT_BY_ALIGNMENT(.data))
 *(SORT_BY_ALIGNMENT(.data.*))
 .data.x86_memmap
                0x0000000000105000      0x500 zephyr/arch/arch/x86/core/libarch__x86__core.a(memmap.c.obj)
                0x0000000000105000                x86_memmap
 .data._char_out
                0x0000000000105500        0x4 zephyr/libzephyr.a(printk.c.obj)
 .data.__stdout
                0x0000000000105504       0x10 zephyr/lib/libc/picolibc/liblib__libc__picolibc.a(libc-hooks.c.obj)
 .data.uart_ns16550_dev_data_1
                0x0000000000105514       0x10 zephyr/drivers/serial/libdrivers__serial.a(uart_ns16550.c.obj)
 .data.uart_ns16550_dev_data_0
                0x0000000000105524       0x10 zephyr/drivers/serial/libdrivers__serial.a(uart_ns16550.c.obj)
 .data.z_clock_hw_cycles_per_sec
                0x0000000000105534        0x4 zephyr/kernel/libkernel.a(timeout.c.obj)
                0x0000000000105534                z_clock_hw_cycles_per_sec
 .data.timeout_list
                0x0000000000105538        0x8 zephyr/kernel/libkernel.a(timeout.c.obj)
 .data.virt_region_bitmap
                0x0000000000105540        0xc zephyr/kernel/libkernel.a(mmu.c.obj)
 *(SORT_BY_ALIGNMENT(.kernel.*))
 *(SORT_BY_ALIGNMENT(.tss))
                0x0000000000105550                . = ALIGN (0x8)
 *fill*         0x000000000010554c        0x4 
                0x0000000000105550                _gdt = .
                0x0000000000105570                . = (. + 0x20)
 *fill*         0x0000000000105550       0x20 
                0x0000000000105570                . = (. + 0x0)
                0x0000000000105570                . = ALIGN (0x4)
                0x0000000000105570                __data_end = .
                0x0000000000000570                __data_size = (__data_end - __data_start)
                0x0000000000104b80                __data_load_start = LOADADDR (datas)
                0x0000000000104b80                __data_region_load_start = LOADADDR (datas)

device_states   0x0000000000105570        0x8
                0x0000000000105570                __device_states_start = .
 *(SORT_BY_ALIGNMENT(.z_devstate))
 .z_devstate    0x0000000000105570        0x2 zephyr/drivers/interrupt_controller/libdrivers__interrupt_controller.a(intc_ioapic.c.obj)
 .z_devstate    0x0000000000105572        0x2 zephyr/drivers/interrupt_controller/libdrivers__interrupt_controller.a(intc_loapic.c.obj)
 .z_devstate    0x0000000000105574        0x4 zephyr/drivers/serial/libdrivers__serial.a(uart_ns16550.c.obj)
 *(SORT_BY_ALIGNMENT(.z_devstate.*))
                0x0000000000105578                __device_states_end = .

log_mpsc_pbuf_area
                0x0000000000105578        0x0
                0x0000000000105578                _log_mpsc_pbuf_list_start = .
 *(SORT_BY_NAME(SORT_BY_ALIGNMENT(._log_mpsc_pbuf.static.*)))
                0x0000000000105578                _log_mpsc_pbuf_list_end = .

log_msg_ptr_area
                0x0000000000105578        0x0
                0x0000000000105578                _log_msg_ptr_list_start = .
 *(SORT_BY_NAME(SORT_BY_ALIGNMENT(._log_msg_ptr.static.*)))
                0x0000000000105578                _log_msg_ptr_list_end = .

log_dynamic_area
                0x0000000000105578        0x0
                0x0000000000105578                _log_dynamic_list_start = .
 *(SORT_BY_NAME(SORT_BY_ALIGNMENT(._log_dynamic.static.*)))
                0x0000000000105578                _log_dynamic_list_end = .

k_timer_area    0x0000000000105578        0x0
                0x0000000000105578                _k_timer_list_start = .
 *(SORT_BY_NAME(SORT_BY_ALIGNMENT(._k_timer.static.*)))
                0x0000000000105578                _k_timer_list_end = .

k_mem_slab_area
                0x0000000000105578        0x0
                0x0000000000105578                _k_mem_slab_list_start = .
 *(SORT_BY_NAME(SORT_BY_ALIGNMENT(._k_mem_slab.static.*)))
                0x0000000000105578                _k_mem_slab_list_end = .

k_heap_area     0x0000000000105578        0x0
                0x0000000000105578                _k_heap_list_start = .
 *(SORT_BY_NAME(SORT_BY_ALIGNMENT(._k_heap.static.*)))
                0x0000000000105578                _k_heap_list_end = .

k_mutex_area    0x0000000000105578        0x0
                0x0000000000105578                _k_mutex_list_start = .
 *(SORT_BY_NAME(SORT_BY_ALIGNMENT(._k_mutex.static.*)))
                0x0000000000105578                _k_mutex_list_end = .

k_stack_area    0x0000000000105578        0x0
                0x0000000000105578                _k_stack_list_start = .
 *(SORT_BY_NAME(SORT_BY_ALIGNMENT(._k_stack.static.*)))
                0x0000000000105578                _k_stack_list_end = .

k_msgq_area     0x0000000000105578        0x0
                0x0000000000105578                _k_msgq_list_start = .
 *(SORT_BY_NAME(SORT_BY_ALIGNMENT(._k_msgq.static.*)))
                0x0000000000105578                _k_msgq_list_end = .

k_mbox_area     0x0000000000105578        0x0
                0x0000000000105578                _k_mbox_list_start = .
 *(SORT_BY_NAME(SORT_BY_ALIGNMENT(._k_mbox.static.*)))
                0x0000000000105578                _k_mbox_list_end = .

k_pipe_area     0x0000000000105578        0x0
                0x0000000000105578                _k_pipe_list_start = .
 *(SORT_BY_NAME(SORT_BY_ALIGNMENT(._k_pipe.static.*)))
                0x0000000000105578                _k_pipe_list_end = .

k_sem_area      0x0000000000105578        0x0
                0x0000000000105578                _k_sem_list_start = .
 *(SORT_BY_NAME(SORT_BY_ALIGNMENT(._k_sem.static.*)))
                0x0000000000105578                _k_sem_list_end = .

k_event_area    0x0000000000105578        0x0
                0x0000000000105578                _k_event_list_start = .
 *(SORT_BY_NAME(SORT_BY_ALIGNMENT(._k_event.static.*)))
                0x0000000000105578                _k_event_list_end = .

k_queue_area    0x0000000000105578        0x0
                0x0000000000105578                _k_queue_list_start = .
 *(SORT_BY_NAME(SORT_BY_ALIGNMENT(._k_queue.static.*)))
                0x0000000000105578                _k_queue_list_end = .

k_fifo_area     0x0000000000105578        0x0
                0x0000000000105578                _k_fifo_list_start = .
 *(SORT_BY_NAME(SORT_BY_ALIGNMENT(._k_fifo.static.*)))
                0x0000000000105578                _k_fifo_list_end = .

k_lifo_area     0x0000000000105578        0x0
                0x0000000000105578                _k_lifo_list_start = .
 *(SORT_BY_NAME(SORT_BY_ALIGNMENT(._k_lifo.static.*)))
                0x0000000000105578                _k_lifo_list_end = .

k_condvar_area  0x0000000000105578        0x0
                0x0000000000105578                _k_condvar_list_start = .
 *(SORT_BY_NAME(SORT_BY_ALIGNMENT(._k_condvar.static.*)))
                0x0000000000105578                _k_condvar_list_end = .

sys_mem_blocks_ptr_area
                0x0000000000105578        0x0
                0x0000000000105578                _sys_mem_blocks_ptr_list_start = .
 *(SORT_BY_NAME(SORT_BY_ALIGNMENT(._sys_mem_blocks_ptr.static.*)))
                0x0000000000105578                _sys_mem_blocks_ptr_list_end = .

net_buf_pool_area
                0x0000000000105578        0x0
                0x0000000000105578                _net_buf_pool_list_start = .
 *(SORT_BY_NAME(SORT_BY_ALIGNMENT(._net_buf_pool.static.*)))
                0x0000000000105578                _net_buf_pool_list_end = .

pagetables      0x0000000000105580     0x5aa0
                0x0000000000106000                . = ALIGN (0x1000)
 *fill*         0x0000000000105580      0xa80 
                0x0000000000106000                z_x86_pagetables_start = .
 *(SORT_BY_ALIGNMENT(.dummy_pagetables))
 .dummy_pagetables
                0x0000000000106000     0x5020 zephyr/arch/arch/x86/core/libarch__x86__core.a(x86_mmu.c.obj)
                0x000000000010b000                z_x86_kernel_ptables = (. - 0x20)
                0x000000000010c000                . = ALIGN (0x1000)
                0x000000000010c000                __data_region_end = .

bss             0x000000000010b020     0x9340
                0x000000000010c000                . = ALIGN (0x1000)
 *fill*         0x000000000010b020      0xfe0 
                0x000000000010c000                _image_ram_start = .
                0x000000000010c000                . = ALIGN (0x4)
                0x000000000010c000                __kernel_ram_start = .
                0x000000000010c000                __bss_start = .
 *(SORT_BY_ALIGNMENT(.bss))
 *(SORT_BY_ALIGNMENT(.bss.*))
 .bss.multiboot_info
                0x000000000010c000       0x74 zephyr/arch/arch/x86/core/libarch__x86__core.a(multiboot.c.obj)
                0x000000000010c000                multiboot_info
 *fill*         0x000000000010c074        0xc 
 .bss.z_idle_threads
                0x000000000010c080       0x5c zephyr/kernel/libkernel.a(init.c.obj)
                0x000000000010c080                z_idle_threads
 *fill*         0x000000000010c0dc        0x4 
 .bss.z_main_thread
                0x000000000010c0e0       0x5c zephyr/kernel/libkernel.a(init.c.obj)
                0x000000000010c0e0                z_main_thread
 *fill*         0x000000000010c13c        0x4 
 .bss._kernel   0x000000000010c140       0x28 zephyr/kernel/libkernel.a(init.c.obj)
                0x000000000010c140                _kernel
 *fill*         0x000000000010c168       0x18 
 .bss._thread_dummy
                0x000000000010c180       0x5c zephyr/kernel/libkernel.a(sched.c.obj)
                0x000000000010c180                _thread_dummy
 *fill*         0x000000000010c1dc        0x4 
 .bss._sys_bitarray_bundles_virt_region_bitmap
                0x000000000010c1e0      0x100 zephyr/kernel/libkernel.a(mmu.c.obj)
 .bss.k_mem_page_frames
                0x000000000010c2e0     0x8000 zephyr/kernel/libkernel.a(mmu.c.obj)
                0x000000000010c2e0                k_mem_page_frames
 .bss.last_tick
                0x00000000001142e0        0x8 zephyr/drivers/timer/libdrivers__timer.a(hpet.c.obj)
 .bss.last_count
                0x00000000001142e8        0x8 zephyr/drivers/timer/libdrivers__timer.a(hpet.c.obj)
 .bss.curr_tick
                0x00000000001142f0        0x8 zephyr/kernel/libkernel.a(timeout.c.obj)
 .bss.x86_cpu_boot_arg
                0x00000000001142f8        0x8 zephyr/arch/arch/x86/core/libarch__x86__core.a(prep_c.c.obj)
                0x00000000001142f8                x86_cpu_boot_arg
 .bss.x86_memmap_source
                0x0000000000114300        0x4 zephyr/arch/arch/x86/core/libarch__x86__core.a(memmap.c.obj)
                0x0000000000114300                x86_memmap_source
 .bss.suppressed_chars
                0x0000000000114304        0x4 zephyr/arch/arch/x86/core/libarch__x86__core.a(early_serial.c.obj)
 .bss._stdout_hook
                0x0000000000114308        0x4 zephyr/lib/libc/picolibc/liblib__libc__picolibc.a(libc-hooks.c.obj)
 .bss.z_malloc_heap
                0x000000000011430c        0xc zephyr/lib/libc/common/liblib__libc__common.a(malloc.c.obj)
 .bss.ioapic_rtes
                0x0000000000114318        0x4 zephyr/drivers/interrupt_controller/libdrivers__interrupt_controller.a(intc_ioapic.c.obj)
 .bss.z_mmio_ram__ioapic_regs
                0x000000000011431c        0x4 zephyr/drivers/interrupt_controller/libdrivers__interrupt_controller.a(intc_ioapic.c.obj)
 .bss.z_mmio_ram__loapic_regs
                0x0000000000114320        0x4 zephyr/drivers/interrupt_controller/libdrivers__interrupt_controller.a(intc_loapic.c.obj)
                0x0000000000114320                z_mmio_ram__loapic_regs
 .bss.cyc_per_tick
                0x0000000000114324        0x4 zephyr/drivers/timer/libdrivers__timer.a(hpet.c.obj)
 .bss.last_elapsed
                0x0000000000114328        0x4 zephyr/drivers/timer/libdrivers__timer.a(hpet.c.obj)
 .bss.z_mmio_ram__hpet_regs
                0x000000000011432c        0x4 zephyr/drivers/timer/libdrivers__timer.a(hpet.c.obj)
 .bss.slice_timeouts
                0x0000000000114330       0x14 zephyr/kernel/libkernel.a(timeslicing.c.obj)
 .bss.slice_max_prio
                0x0000000000114344        0x4 zephyr/kernel/libkernel.a(timeslicing.c.obj)
 .bss.slice_ticks
                0x0000000000114348        0x4 zephyr/kernel/libkernel.a(timeslicing.c.obj)
 .bss.announce_remaining
                0x000000000011434c        0x4 zephyr/kernel/libkernel.a(timeout.c.obj)
 .bss.z_free_page_count
                0x0000000000114350        0x4 zephyr/kernel/libkernel.a(mmu.c.obj)
 .bss.free_page_frame_list
                0x0000000000114354        0x8 zephyr/kernel/libkernel.a(mmu.c.obj)
 .bss.early_serial_init_done
                0x000000000011435c        0x1 zephyr/arch/arch/x86/core/libarch__x86__core.a(early_serial.c.obj)
 .bss.z_sys_post_kernel
                0x000000000011435d        0x1 zephyr/kernel/libkernel.a(init.c.obj)
                0x000000000011435d                z_sys_post_kernel
 .bss._sched_spinlock
                0x000000000011435e        0x0 zephyr/kernel/libkernel.a(sched.c.obj)
                0x000000000011435e                _sched_spinlock
 .bss.slice_expired
                0x000000000011435e        0x1 zephyr/kernel/libkernel.a(timeslicing.c.obj)
 .bss.virt_region_inited
                0x000000000011435f        0x1 zephyr/kernel/libkernel.a(mmu.c.obj)
 *(SORT_BY_ALIGNMENT(COMMON))
 *(SORT_BY_ALIGNMENT(.kernel_bss.*))
                0x0000000000114360                . = ALIGN (0x4)
                0x0000000000114360                __bss_end = .
                0x00000000000020d8                __bss_num_words = ((__bss_end - __bss_start) >> 0x2)

noinit          0x0000000000114360     0x4d40
 *(SORT_BY_ALIGNMENT(.noinit))
 *(SORT_BY_ALIGNMENT(.noinit.*))
 .noinit."WEST_TOPDIR/zephyr/lib/libc/common/source/stdlib/malloc.c".0
                0x0000000000114360     0x4000 zephyr/lib/libc/common/liblib__libc__common.a(malloc.c.obj)
 .noinit."WEST_TOPDIR/zephyr/kernel/init.c".2
                0x0000000000118360      0x800 zephyr/kernel/libkernel.a(init.c.obj)
                0x0000000000118360                z_interrupt_stacks
 .noinit."WEST_TOPDIR/zephyr/kernel/init.c".1
                0x0000000000118b60      0x140 zephyr/kernel/libkernel.a(init.c.obj)
 .noinit."WEST_TOPDIR/zephyr/kernel/init.c".0
                0x0000000000118ca0      0x400 zephyr/kernel/libkernel.a(init.c.obj)
                0x0000000000118ca0                z_main_stack
                0x000000000011a000                . = ALIGN (0x1000)
                0x0000000002000000                __kernel_ram_end = 0x2000000
                0x0000000001ef4000                __kernel_ram_size = (__kernel_ram_end - __kernel_ram_start)
                0x0000000001ef4000                _image_ram_all = (0x2000000 - _image_ram_start)
                0x00000000001190a0                z_mapped_end = .
                0x000000000001a000                z_mapped_size = (z_mapped_end - z_mapped_start)

intList         0x00000000ffff1000      0x1a0
 *(SORT_BY_ALIGNMENT(.spurIsr))
 .spurIsr       0x00000000ffff1000        0x4 zephyr/arch/arch/x86/core/libarch__x86__core.a(irq_manage.c.obj)
                0x00000000ffff1000                __isr__z_SpuriousIntHandler
 *(SORT_BY_ALIGNMENT(.spurNoErrIsr))
 .spurNoErrIsr  0x00000000ffff1004        0x4 zephyr/arch/arch/x86/core/libarch__x86__core.a(irq_manage.c.obj)
                0x00000000ffff1004                __isr__z_SpuriousIntNoErrCodeHandler
 *(SORT_BY_ALIGNMENT(.intList))
 .intList       0x00000000ffff1008       0x18 zephyr/arch/arch/x86/core/libarch__x86__core.a(fatal.c.obj)
 .intList       0x00000000ffff1020       0x18 zephyr/drivers/timer/libdrivers__timer.a(hpet.c.obj)
 *(SORT_BY_ALIGNMENT(.gnu.linkonce.intList.*))
 .gnu.linkonce.intList.exc_0
                0x00000000ffff1038       0x18 zephyr/arch/arch/x86/core/libarch__x86__core.a(fatal.c.obj)
 .gnu.linkonce.intList.exc_2
                0x00000000ffff1050       0x18 zephyr/arch/arch/x86/core/libarch__x86__core.a(fatal.c.obj)
 .gnu.linkonce.intList.exc_4
                0x00000000ffff1068       0x18 zephyr/arch/arch/x86/core/libarch__x86__core.a(fatal.c.obj)
 .gnu.linkonce.intList.exc_5
                0x00000000ffff1080       0x18 zephyr/arch/arch/x86/core/libarch__x86__core.a(fatal.c.obj)
 .gnu.linkonce.intList.exc_6
                0x00000000ffff1098       0x18 zephyr/arch/arch/x86/core/libarch__x86__core.a(fatal.c.obj)
 .gnu.linkonce.intList.exc_7
                0x00000000ffff10b0       0x18 zephyr/arch/arch/x86/core/libarch__x86__core.a(fatal.c.obj)
 .gnu.linkonce.intList.exc_8
                0x00000000ffff10c8       0x18 zephyr/arch/arch/x86/core/libarch__x86__core.a(fatal.c.obj)
 .gnu.linkonce.intList.exc_10
                0x00000000ffff10e0       0x18 zephyr/arch/arch/x86/core/libarch__x86__core.a(fatal.c.obj)
 .gnu.linkonce.intList.exc_11
                0x00000000ffff10f8       0x18 zephyr/arch/arch/x86/core/libarch__x86__core.a(fatal.c.obj)
 .gnu.linkonce.intList.exc_12
                0x00000000ffff1110       0x18 zephyr/arch/arch/x86/core/libarch__x86__core.a(fatal.c.obj)
 .gnu.linkonce.intList.exc_13
                0x00000000ffff1128       0x18 zephyr/arch/arch/x86/core/libarch__x86__core.a(fatal.c.obj)
 .gnu.linkonce.intList.exc_16
                0x00000000ffff1140       0x18 zephyr/arch/arch/x86/core/libarch__x86__core.a(fatal.c.obj)
 .gnu.linkonce.intList.exc_17
                0x00000000ffff1158       0x18 zephyr/arch/arch/x86/core/libarch__x86__core.a(fatal.c.obj)
 .gnu.linkonce.intList.exc_18
                0x00000000ffff1170       0x18 zephyr/arch/arch/x86/core/libarch__x86__core.a(fatal.c.obj)
 .gnu.linkonce.intList.exc_14
                0x00000000ffff1188       0x18 zephyr/arch/arch/x86/core/libarch__x86__core.a(fatal.c.obj)

.last_ram_section
                0x00000000001190a0        0x0
                0x00000000001190a0                _image_ram_end = .
                0x0000000000126140                _image_ram_size = (_image_ram_end - _image_ram_start)
                0x00000000001190a0                _end = .
                0x00000000001190a0                z_mapped_end = .

.stab
 *(SORT_BY_ALIGNMENT(.stab))

.stabstr
 *(SORT_BY_ALIGNMENT(.stabstr))

.stab.excl
 *(SORT_BY_ALIGNMENT(.stab.excl))

.stab.exclstr
 *(SORT_BY_ALIGNMENT(.stab.exclstr))

.stab.index
 *(SORT_BY_ALIGNMENT(.stab.index))

.stab.indexstr
 *(SORT_BY_ALIGNMENT(.stab.indexstr))

.gnu.build.attributes
 *(SORT_BY_ALIGNMENT(.gnu.build.attributes) SORT_BY_ALIGNMENT(.gnu.build.attributes.*))

.comment        0x0000000000000000       0x20
 *(SORT_BY_ALIGNMENT(.comment))
 .comment       0x0000000000000000       0x20 zephyr/CMakeFiles/offsets.dir/./arch/x86/core/offsets/offsets.c.obj
                                         0x21 (size before relaxing)
 .comment       0x0000000000000020       0x21 app/libapp.a(main.c.obj)
 .comment       0x0000000000000020       0x21 zephyr/libzephyr.a(heap.c.obj)
 .comment       0x0000000000000020       0x21 zephyr/libzephyr.a(printk.c.obj)
 .comment       0x0000000000000020       0x21 zephyr/libzephyr.a(thread_entry.c.obj)
 .comment       0x0000000000000020       0x21 zephyr/libzephyr.a(rb.c.obj)
 .comment       0x0000000000000020       0x21 zephyr/libzephyr.a(bitarray.c.obj)
 .comment       0x0000000000000020       0x21 zephyr/libzephyr.a(configs.c.obj)
 .comment       0x0000000000000020       0x21 zephyr/libzephyr.a(tracing_none.c.obj)
 .comment       0x0000000000000020       0x21 zephyr/arch/arch/x86/core/libarch__x86__core.a(cpuhalt.c.obj)
 .comment       0x0000000000000020       0x21 zephyr/arch/arch/x86/core/libarch__x86__core.a(prep_c.c.obj)
 .comment       0x0000000000000020       0x21 zephyr/arch/arch/x86/core/libarch__x86__core.a(fatal.c.obj)
 .comment       0x0000000000000020       0x21 zephyr/arch/arch/x86/core/libarch__x86__core.a(memmap.c.obj)
 .comment       0x0000000000000020       0x21 zephyr/arch/arch/x86/core/libarch__x86__core.a(multiboot.c.obj)
 .comment       0x0000000000000020       0x21 zephyr/arch/arch/x86/core/libarch__x86__core.a(x86_mmu.c.obj)
 .comment       0x0000000000000020       0x21 zephyr/arch/arch/x86/core/libarch__x86__core.a(early_serial.c.obj)
 .comment       0x0000000000000020       0x21 zephyr/arch/arch/x86/core/libarch__x86__core.a(tls.c.obj)
 .comment       0x0000000000000020       0x21 zephyr/arch/arch/x86/core/libarch__x86__core.a(irq_manage.c.obj)
 .comment       0x0000000000000020       0x21 zephyr/arch/arch/x86/core/libarch__x86__core.a(thread.c.obj)
 .comment       0x0000000000000020       0x21 zephyr/arch/arch/x86/core/libarch__x86__core.a(tls.c.obj)
 .comment       0x0000000000000020       0x21 zephyr/arch/arch/x86/core/libarch__x86__core.a(fatal.c.obj)
 .comment       0x0000000000000020       0x21 zephyr/lib/libc/picolibc/liblib__libc__picolibc.a(libc-hooks.c.obj)
 .comment       0x0000000000000020       0x21 zephyr/lib/libc/common/liblib__libc__common.a(malloc.c.obj)
 .comment       0x0000000000000020       0x21 zephyr/drivers/interrupt_controller/libdrivers__interrupt_controller.a(intc_ioapic.c.obj)
 .comment       0x0000000000000020       0x21 zephyr/drivers/interrupt_controller/libdrivers__interrupt_controller.a(intc_loapic.c.obj)
 .comment       0x0000000000000020       0x21 zephyr/drivers/interrupt_controller/libdrivers__interrupt_controller.a(intc_system_apic.c.obj)
 .comment       0x0000000000000020       0x21 zephyr/drivers/console/libdrivers__console.a(uart_console.c.obj)
 .comment       0x0000000000000020       0x21 zephyr/drivers/serial/libdrivers__serial.a(uart_ns16550.c.obj)
 .comment       0x0000000000000020       0x21 zephyr/drivers/timer/libdrivers__timer.a(hpet.c.obj)
 .comment       0x0000000000000020       0x21 zephyr/kernel/libkernel.a(device.c.obj)
 .comment       0x0000000000000020       0x21 zephyr/kernel/libkernel.a(errno.c.obj)
 .comment       0x0000000000000020       0x21 zephyr/kernel/libkernel.a(fatal.c.obj)
 .comment       0x0000000000000020       0x21 zephyr/kernel/libkernel.a(init.c.obj)
 .comment       0x0000000000000020       0x21 zephyr/kernel/libkernel.a(init_static.c.obj)
 .comment       0x0000000000000020       0x21 zephyr/kernel/libkernel.a(idle.c.obj)
 .comment       0x0000000000000020       0x21 zephyr/kernel/libkernel.a(priority_queues.c.obj)
 .comment       0x0000000000000020       0x21 zephyr/kernel/libkernel.a(thread.c.obj)
 .comment       0x0000000000000020       0x21 zephyr/kernel/libkernel.a(sched.c.obj)
 .comment       0x0000000000000020       0x21 zephyr/kernel/libkernel.a(timeslicing.c.obj)
 .comment       0x0000000000000020       0x21 zephyr/kernel/libkernel.a(timeout.c.obj)
 .comment       0x0000000000000020       0x21 zephyr/kernel/libkernel.a(mmu.c.obj)
 .comment       0x0000000000000020       0x21 zephyr/kernel/libkernel.a(banner.c.obj)

.debug
 *(SORT_BY_ALIGNMENT(.debug))

.line
 *(SORT_BY_ALIGNMENT(.line))

.debug_srcinfo
 *(SORT_BY_ALIGNMENT(.debug_srcinfo))

.debug_sfnames
 *(SORT_BY_ALIGNMENT(.debug_sfnames))

.debug_aranges  0x0000000000000000      0xe00
 *(SORT_BY_ALIGNMENT(.debug_aranges))
 .debug_aranges
                0x0000000000000000       0x20 zephyr/arch/arch/x86/core/libarch__x86__core.a(crt0.S.obj)
 .debug_aranges
                0x0000000000000020       0x28 zephyr/arch/arch/x86/core/libarch__x86__core.a(excstub.S.obj)
 .debug_aranges
                0x0000000000000048       0x30 zephyr/arch/arch/x86/core/libarch__x86__core.a(intstub.S.obj)
 .debug_aranges
                0x0000000000000078       0x28 zephyr/arch/arch/x86/core/libarch__x86__core.a(swap.S.obj)
 .debug_aranges
                0x00000000000000a0       0x20 zephyr/CMakeFiles/offsets.dir/./arch/x86/core/offsets/offsets.c.obj
 .debug_aranges
                0x00000000000000c0       0x20 app/libapp.a(main.c.obj)
 .debug_aranges
                0x00000000000000e0       0xb8 zephyr/libzephyr.a(heap.c.obj)
 .debug_aranges
                0x0000000000000198       0x50 zephyr/libzephyr.a(printk.c.obj)
 .debug_aranges
                0x00000000000001e8       0x20 zephyr/libzephyr.a(thread_entry.c.obj)
 .debug_aranges
                0x0000000000000208       0x78 zephyr/libzephyr.a(rb.c.obj)
 .debug_aranges
                0x0000000000000280       0xb8 zephyr/libzephyr.a(bitarray.c.obj)
 .debug_aranges
                0x0000000000000338       0x20 zephyr/libzephyr.a(configs.c.obj)
 .debug_aranges
                0x0000000000000358       0x38 zephyr/libzephyr.a(tracing_none.c.obj)
 .debug_aranges
                0x0000000000000390       0x28 zephyr/arch/arch/x86/core/libarch__x86__core.a(cpuhalt.c.obj)
 .debug_aranges
                0x00000000000003b8       0x20 zephyr/arch/arch/x86/core/libarch__x86__core.a(prep_c.c.obj)
 .debug_aranges
                0x00000000000003d8       0x48 zephyr/arch/arch/x86/core/libarch__x86__core.a(fatal.c.obj)
 .debug_aranges
                0x0000000000000420       0x18 zephyr/arch/arch/x86/core/libarch__x86__core.a(memmap.c.obj)
 .debug_aranges
                0x0000000000000438       0x20 zephyr/arch/arch/x86/core/libarch__x86__core.a(multiboot.c.obj)
 .debug_aranges
                0x0000000000000458       0x80 zephyr/arch/arch/x86/core/libarch__x86__core.a(x86_mmu.c.obj)
 .debug_aranges
                0x00000000000004d8       0x28 zephyr/arch/arch/x86/core/libarch__x86__core.a(early_serial.c.obj)
 .debug_aranges
                0x0000000000000500       0x20 zephyr/arch/arch/x86/core/libarch__x86__core.a(tls.c.obj)
 .debug_aranges
                0x0000000000000520       0x20 zephyr/arch/arch/x86/core/libarch__x86__core.a(irq_manage.c.obj)
 .debug_aranges
                0x0000000000000540       0x20 zephyr/arch/arch/x86/core/libarch__x86__core.a(thread.c.obj)
 .debug_aranges
                0x0000000000000560       0x28 zephyr/arch/arch/x86/core/libarch__x86__core.a(tls.c.obj)
 .debug_aranges
                0x0000000000000588       0xa0 zephyr/arch/arch/x86/core/libarch__x86__core.a(fatal.c.obj)
 .debug_aranges
                0x0000000000000628       0xb0 zephyr/lib/libc/picolibc/liblib__libc__picolibc.a(libc-hooks.c.obj)
 .debug_aranges
                0x00000000000006d8       0x60 zephyr/lib/libc/common/liblib__libc__common.a(malloc.c.obj)
 .debug_aranges
                0x0000000000000738       0x60 zephyr/drivers/interrupt_controller/libdrivers__interrupt_controller.a(intc_ioapic.c.obj)
 .debug_aranges
                0x0000000000000798       0x58 zephyr/drivers/interrupt_controller/libdrivers__interrupt_controller.a(intc_loapic.c.obj)
 .debug_aranges
                0x00000000000007f0       0x30 zephyr/drivers/interrupt_controller/libdrivers__interrupt_controller.a(intc_system_apic.c.obj)
 .debug_aranges
                0x0000000000000820       0x30 zephyr/drivers/console/libdrivers__console.a(uart_console.c.obj)
 .debug_aranges
                0x0000000000000850       0x58 zephyr/drivers/serial/libdrivers__serial.a(uart_ns16550.c.obj)
 .debug_aranges
                0x00000000000008a8       0x68 zephyr/drivers/timer/libdrivers__timer.a(hpet.c.obj)
 .debug_aranges
                0x0000000000000910       0x38 zephyr/kernel/libkernel.a(device.c.obj)
 .debug_aranges
                0x0000000000000948       0x18 zephyr/kernel/libkernel.a(errno.c.obj)
 .debug_aranges
                0x0000000000000960       0x38 zephyr/kernel/libkernel.a(fatal.c.obj)
 .debug_aranges
                0x0000000000000998       0x68 zephyr/kernel/libkernel.a(init.c.obj)
 .debug_aranges
                0x0000000000000a00       0x20 zephyr/kernel/libkernel.a(init_static.c.obj)
 .debug_aranges
                0x0000000000000a20       0x28 zephyr/kernel/libkernel.a(idle.c.obj)
 .debug_aranges
                0x0000000000000a48       0x20 zephyr/kernel/libkernel.a(priority_queues.c.obj)
 .debug_aranges
                0x0000000000000a68       0x90 zephyr/kernel/libkernel.a(thread.c.obj)
 .debug_aranges
                0x0000000000000af8      0x190 zephyr/kernel/libkernel.a(sched.c.obj)
 .debug_aranges
                0x0000000000000c88       0x40 zephyr/kernel/libkernel.a(timeslicing.c.obj)
 .debug_aranges
                0x0000000000000cc8       0x90 zephyr/kernel/libkernel.a(timeout.c.obj)
 .debug_aranges
                0x0000000000000d58       0x88 zephyr/kernel/libkernel.a(mmu.c.obj)
 .debug_aranges
                0x0000000000000de0       0x20 zephyr/kernel/libkernel.a(banner.c.obj)

.debug_pubnames
 *(SORT_BY_ALIGNMENT(.debug_pubnames))

.debug_info     0x0000000000000000    0x22ee7
 *(SORT_BY_ALIGNMENT(.debug_info) SORT_BY_ALIGNMENT(.gnu.linkonce.wi.*))
 .debug_info    0x0000000000000000       0xdc zephyr/CMakeFiles/offsets.dir/./arch/x86/core/offsets/offsets.c.obj
 .debug_info    0x00000000000000dc       0xb5 app/libapp.a(main.c.obj)
 .debug_info    0x0000000000000191     0x2853 zephyr/libzephyr.a(heap.c.obj)
 .debug_info    0x00000000000029e4      0x500 zephyr/libzephyr.a(printk.c.obj)
 .debug_info    0x0000000000002ee4      0x784 zephyr/libzephyr.a(thread_entry.c.obj)
 .debug_info    0x0000000000003668     0x241a zephyr/libzephyr.a(rb.c.obj)
 .debug_info    0x0000000000005a82     0x1b4b zephyr/libzephyr.a(bitarray.c.obj)
 .debug_info    0x00000000000075cd       0x38 zephyr/libzephyr.a(configs.c.obj)
 .debug_info    0x0000000000007605       0x56 zephyr/libzephyr.a(tracing_none.c.obj)
 .debug_info    0x000000000000765b       0xd5 zephyr/arch/arch/x86/core/libarch__x86__core.a(cpuhalt.c.obj)
 .debug_info    0x0000000000007730      0x8ff zephyr/arch/arch/x86/core/libarch__x86__core.a(prep_c.c.obj)
 .debug_info    0x000000000000802f     0x172b zephyr/arch/arch/x86/core/libarch__x86__core.a(fatal.c.obj)
 .debug_info    0x000000000000975a      0x2c6 zephyr/arch/arch/x86/core/libarch__x86__core.a(memmap.c.obj)
 .debug_info    0x0000000000009a20      0x519 zephyr/arch/arch/x86/core/libarch__x86__core.a(multiboot.c.obj)
 .debug_info    0x0000000000009f39     0x20e3 zephyr/arch/arch/x86/core/libarch__x86__core.a(x86_mmu.c.obj)
 .debug_info    0x000000000000c01c      0x4a9 zephyr/arch/arch/x86/core/libarch__x86__core.a(early_serial.c.obj)
 .debug_info    0x000000000000c4c5      0x6be zephyr/arch/arch/x86/core/libarch__x86__core.a(tls.c.obj)
 .debug_info    0x000000000000cb83       0x24 zephyr/arch/arch/x86/core/libarch__x86__core.a(crt0.S.obj)
 .debug_info    0x000000000000cba7       0x22 zephyr/arch/arch/x86/core/libarch__x86__core.a(excstub.S.obj)
 .debug_info    0x000000000000cbc9       0x22 zephyr/arch/arch/x86/core/libarch__x86__core.a(intstub.S.obj)
 .debug_info    0x000000000000cbeb      0x20d zephyr/arch/arch/x86/core/libarch__x86__core.a(irq_manage.c.obj)
 .debug_info    0x000000000000cdf8       0x22 zephyr/arch/arch/x86/core/libarch__x86__core.a(swap.S.obj)
 .debug_info    0x000000000000ce1a      0x765 zephyr/arch/arch/x86/core/libarch__x86__core.a(thread.c.obj)
 .debug_info    0x000000000000d57f      0x877 zephyr/arch/arch/x86/core/libarch__x86__core.a(tls.c.obj)
 .debug_info    0x000000000000ddf6      0x9ba zephyr/arch/arch/x86/core/libarch__x86__core.a(fatal.c.obj)
 .debug_info    0x000000000000e7b0      0xede zephyr/lib/libc/picolibc/liblib__libc__picolibc.a(libc-hooks.c.obj)
 .debug_info    0x000000000000f68e      0xd54 zephyr/lib/libc/common/liblib__libc__common.a(malloc.c.obj)
 .debug_info    0x00000000000103e2      0xa26 zephyr/drivers/interrupt_controller/libdrivers__interrupt_controller.a(intc_ioapic.c.obj)
 .debug_info    0x0000000000010e08     0x15cd zephyr/drivers/interrupt_controller/libdrivers__interrupt_controller.a(intc_loapic.c.obj)
 .debug_info    0x00000000000123d5      0x231 zephyr/drivers/interrupt_controller/libdrivers__interrupt_controller.a(intc_system_apic.c.obj)
 .debug_info    0x0000000000012606      0x81c zephyr/drivers/console/libdrivers__console.a(uart_console.c.obj)
 .debug_info    0x0000000000012e22     0x1d16 zephyr/drivers/serial/libdrivers__serial.a(uart_ns16550.c.obj)
 .debug_info    0x0000000000014b38     0x107b zephyr/drivers/timer/libdrivers__timer.a(hpet.c.obj)
 .debug_info    0x0000000000015bb3      0x320 zephyr/kernel/libkernel.a(device.c.obj)
 .debug_info    0x0000000000015ed3      0x12a zephyr/kernel/libkernel.a(errno.c.obj)
 .debug_info    0x0000000000015ffd      0xab8 zephyr/kernel/libkernel.a(fatal.c.obj)
 .debug_info    0x0000000000016ab5     0x161a zephyr/kernel/libkernel.a(init.c.obj)
 .debug_info    0x00000000000180cf       0x38 zephyr/kernel/libkernel.a(init_static.c.obj)
 .debug_info    0x0000000000018107      0x248 zephyr/kernel/libkernel.a(idle.c.obj)
 .debug_info    0x000000000001834f      0x63f zephyr/kernel/libkernel.a(priority_queues.c.obj)
 .debug_info    0x000000000001898e     0x1477 zephyr/kernel/libkernel.a(thread.c.obj)
 .debug_info    0x0000000000019e05     0x4a4e zephyr/kernel/libkernel.a(sched.c.obj)
 .debug_info    0x000000000001e853      0xdcb zephyr/kernel/libkernel.a(timeslicing.c.obj)
 .debug_info    0x000000000001f61e     0x1631 zephyr/kernel/libkernel.a(timeout.c.obj)
 .debug_info    0x0000000000020c4f     0x21dd zephyr/kernel/libkernel.a(mmu.c.obj)
 .debug_info    0x0000000000022e2c       0xbb zephyr/kernel/libkernel.a(banner.c.obj)

.debug_abbrev   0x0000000000000000     0x782b
 *(SORT_BY_ALIGNMENT(.debug_abbrev))
 .debug_abbrev  0x0000000000000000       0x62 zephyr/CMakeFiles/offsets.dir/./arch/x86/core/offsets/offsets.c.obj
 .debug_abbrev  0x0000000000000062       0x84 app/libapp.a(main.c.obj)
 .debug_abbrev  0x00000000000000e6      0x443 zephyr/libzephyr.a(heap.c.obj)
 .debug_abbrev  0x0000000000000529      0x28a zephyr/libzephyr.a(printk.c.obj)
 .debug_abbrev  0x00000000000007b3      0x2b0 zephyr/libzephyr.a(thread_entry.c.obj)
 .debug_abbrev  0x0000000000000a63      0x4d5 zephyr/libzephyr.a(rb.c.obj)
 .debug_abbrev  0x0000000000000f38      0x416 zephyr/libzephyr.a(bitarray.c.obj)
 .debug_abbrev  0x000000000000134e       0x2e zephyr/libzephyr.a(configs.c.obj)
 .debug_abbrev  0x000000000000137c       0x48 zephyr/libzephyr.a(tracing_none.c.obj)
 .debug_abbrev  0x00000000000013c4       0x8f zephyr/arch/arch/x86/core/libarch__x86__core.a(cpuhalt.c.obj)
 .debug_abbrev  0x0000000000001453      0x23a zephyr/arch/arch/x86/core/libarch__x86__core.a(prep_c.c.obj)
 .debug_abbrev  0x000000000000168d      0x4b9 zephyr/arch/arch/x86/core/libarch__x86__core.a(fatal.c.obj)
 .debug_abbrev  0x0000000000001b46      0x111 zephyr/arch/arch/x86/core/libarch__x86__core.a(memmap.c.obj)
 .debug_abbrev  0x0000000000001c57      0x1be zephyr/arch/arch/x86/core/libarch__x86__core.a(multiboot.c.obj)
 .debug_abbrev  0x0000000000001e15      0x4fe zephyr/arch/arch/x86/core/libarch__x86__core.a(x86_mmu.c.obj)
 .debug_abbrev  0x0000000000002313      0x1e3 zephyr/arch/arch/x86/core/libarch__x86__core.a(early_serial.c.obj)
 .debug_abbrev  0x00000000000024f6      0x245 zephyr/arch/arch/x86/core/libarch__x86__core.a(tls.c.obj)
 .debug_abbrev  0x000000000000273b       0x14 zephyr/arch/arch/x86/core/libarch__x86__core.a(crt0.S.obj)
 .debug_abbrev  0x000000000000274f       0x12 zephyr/arch/arch/x86/core/libarch__x86__core.a(excstub.S.obj)
 .debug_abbrev  0x0000000000002761       0x12 zephyr/arch/arch/x86/core/libarch__x86__core.a(intstub.S.obj)
 .debug_abbrev  0x0000000000002773      0x145 zephyr/arch/arch/x86/core/libarch__x86__core.a(irq_manage.c.obj)
 .debug_abbrev  0x00000000000028b8       0x12 zephyr/arch/arch/x86/core/libarch__x86__core.a(swap.S.obj)
 .debug_abbrev  0x00000000000028ca      0x1dd zephyr/arch/arch/x86/core/libarch__x86__core.a(thread.c.obj)
 .debug_abbrev  0x0000000000002aa7      0x224 zephyr/arch/arch/x86/core/libarch__x86__core.a(tls.c.obj)
 .debug_abbrev  0x0000000000002ccb      0x222 zephyr/arch/arch/x86/core/libarch__x86__core.a(fatal.c.obj)
 .debug_abbrev  0x0000000000002eed      0x49e zephyr/lib/libc/picolibc/liblib__libc__picolibc.a(libc-hooks.c.obj)
 .debug_abbrev  0x000000000000338b      0x489 zephyr/lib/libc/common/liblib__libc__common.a(malloc.c.obj)
 .debug_abbrev  0x0000000000003814      0x46d zephyr/drivers/interrupt_controller/libdrivers__interrupt_controller.a(intc_ioapic.c.obj)
 .debug_abbrev  0x0000000000003c81      0x437 zephyr/drivers/interrupt_controller/libdrivers__interrupt_controller.a(intc_loapic.c.obj)
 .debug_abbrev  0x00000000000040b8       0xe1 zephyr/drivers/interrupt_controller/libdrivers__interrupt_controller.a(intc_system_apic.c.obj)
 .debug_abbrev  0x0000000000004199      0x38a zephyr/drivers/console/libdrivers__console.a(uart_console.c.obj)
 .debug_abbrev  0x0000000000004523      0x43d zephyr/drivers/serial/libdrivers__serial.a(uart_ns16550.c.obj)
 .debug_abbrev  0x0000000000004960      0x4d4 zephyr/drivers/timer/libdrivers__timer.a(hpet.c.obj)
 .debug_abbrev  0x0000000000004e34      0x1b1 zephyr/kernel/libkernel.a(device.c.obj)
 .debug_abbrev  0x0000000000004fe5       0x6d zephyr/kernel/libkernel.a(errno.c.obj)
 .debug_abbrev  0x0000000000005052      0x361 zephyr/kernel/libkernel.a(fatal.c.obj)
 .debug_abbrev  0x00000000000053b3      0x6ad zephyr/kernel/libkernel.a(init.c.obj)
 .debug_abbrev  0x0000000000005a60       0x2e zephyr/kernel/libkernel.a(init_static.c.obj)
 .debug_abbrev  0x0000000000005a8e      0x16c zephyr/kernel/libkernel.a(idle.c.obj)
 .debug_abbrev  0x0000000000005bfa      0x1c9 zephyr/kernel/libkernel.a(priority_queues.c.obj)
 .debug_abbrev  0x0000000000005dc3      0x508 zephyr/kernel/libkernel.a(thread.c.obj)
 .debug_abbrev  0x00000000000062cb      0x6a9 zephyr/kernel/libkernel.a(sched.c.obj)
 .debug_abbrev  0x0000000000006974      0x3cf zephyr/kernel/libkernel.a(timeslicing.c.obj)
 .debug_abbrev  0x0000000000006d43      0x4fa zephyr/kernel/libkernel.a(timeout.c.obj)
 .debug_abbrev  0x000000000000723d      0x56e zephyr/kernel/libkernel.a(mmu.c.obj)
 .debug_abbrev  0x00000000000077ab       0x80 zephyr/kernel/libkernel.a(banner.c.obj)

.debug_line     0x0000000000000000    0x1504f
 *(SORT_BY_ALIGNMENT(.debug_line) SORT_BY_ALIGNMENT(.debug_line.*) SORT_BY_ALIGNMENT(.debug_line_end))
 .debug_line    0x0000000000000000      0x18f zephyr/CMakeFiles/offsets.dir/./arch/x86/core/offsets/offsets.c.obj
 .debug_line    0x000000000000018f       0xff app/libapp.a(main.c.obj)
 .debug_line    0x000000000000028e     0x1128 zephyr/libzephyr.a(heap.c.obj)
 .debug_line    0x00000000000013b6      0x46c zephyr/libzephyr.a(printk.c.obj)
 .debug_line    0x0000000000001822      0x4bc zephyr/libzephyr.a(thread_entry.c.obj)
 .debug_line    0x0000000000001cde     0x1350 zephyr/libzephyr.a(rb.c.obj)
 .debug_line    0x000000000000302e     0x1416 zephyr/libzephyr.a(bitarray.c.obj)
 .debug_line    0x0000000000004444      0x1ae zephyr/libzephyr.a(configs.c.obj)
 .debug_line    0x00000000000045f2       0xc5 zephyr/libzephyr.a(tracing_none.c.obj)
 .debug_line    0x00000000000046b7      0x12c zephyr/arch/arch/x86/core/libarch__x86__core.a(cpuhalt.c.obj)
 .debug_line    0x00000000000047e3      0x5ee zephyr/arch/arch/x86/core/libarch__x86__core.a(prep_c.c.obj)
 .debug_line    0x0000000000004dd1      0x88e zephyr/arch/arch/x86/core/libarch__x86__core.a(fatal.c.obj)
 .debug_line    0x000000000000565f      0x267 zephyr/arch/arch/x86/core/libarch__x86__core.a(memmap.c.obj)
 .debug_line    0x00000000000058c6      0x4b6 zephyr/arch/arch/x86/core/libarch__x86__core.a(multiboot.c.obj)
 .debug_line    0x0000000000005d7c     0x1025 zephyr/arch/arch/x86/core/libarch__x86__core.a(x86_mmu.c.obj)
 .debug_line    0x0000000000006da1      0x3ca zephyr/arch/arch/x86/core/libarch__x86__core.a(early_serial.c.obj)
 .debug_line    0x000000000000716b      0x527 zephyr/arch/arch/x86/core/libarch__x86__core.a(tls.c.obj)
 .debug_line    0x0000000000007692      0x120 zephyr/arch/arch/x86/core/libarch__x86__core.a(crt0.S.obj)
 .debug_line    0x00000000000077b2       0xc2 zephyr/arch/arch/x86/core/libarch__x86__core.a(excstub.S.obj)
 .debug_line    0x0000000000007874       0xf5 zephyr/arch/arch/x86/core/libarch__x86__core.a(intstub.S.obj)